[www.bookingcore.org/index.html]
[www.bookingcore.org/uploads/demo/general/favicon.png]
[backblue.gif]
[fade.gif]
[index.html]
[www.bookingcore.org/libs/bootstrap/css/bootstrap.css]
[www.bookingcore.org/libs/font-awesome/css/font-awesome.css]
[www.bookingcore.org/libs/ionicons/css/ionicons.min.css]
[www.bookingcore.org/libs/icofont/icofont.min.css]
[www.bookingcore.org/libs/select2/css/select2.min.css]
[www.bookingcore.org/css/app.css]
[www.bookingcore.org/libs/daterange/daterangepicker.css]
[www.bookingcore.org/libs/carousel-2/owl.carousel.css]
[www.bookingcore.org/cdn-cgi/l/email-protection.html]
[www.bookingcore.org/uploads/demo/general/logo.svg]
[www.bookingcore.org/page/hotel.html]
[www.bookingcore.org/page/tour.html]
[www.bookingcore.org/page/space.html]
[www.bookingcore.org/page/car.html]
[www.bookingcore.org/hotel.html]
[www.bookingcore.org/hotel76a0.html]
[www.bookingcore.org/hotel/parian-holiday-villas.html]
[www.bookingcore.org/tour.html]
[www.bookingcore.org/tour76a0.html]
[www.bookingcore.org/tour/paris-vacation-travel.html]
[www.bookingcore.org/space.html]
[www.bookingcore.org/space76a0.html]
[www.bookingcore.org/space/stay-greenwich-village.html]
[www.bookingcore.org/car.html]
[www.bookingcore.org/car76a0.html]
[www.bookingcore.org/car/vinfast-lux-a20-plus.html]
[www.bookingcore.org/news.html]
[www.bookingcore.org/news/morning-in-the-northern-sea.html]
[www.bookingcore.org/page/become-a-vendor.html]
[www.bookingcore.org/contact.html]
[www.bookingcore.org/en/page/tour.html]
[www.bookingcore.org/uploads/demo/general/home-mix.jpg]
[www.bookingcore.org/uploads/demo/general/image_home_mix_1.jpg]
[www.bookingcore.org/register.html]
[www.bookingcore.org/uploads/demo/general/image_home_mix_2.jpg]
[www.bookingcore.org/uploads/demo/general/image_home_mix_3.jpg]
[www.bookingcore.org/hotel/hotel-stanford.html]
[www.bookingcore.org/hotel/hotel-wbf-homachi.html]
[www.bookingcore.org/hotel/castello-casole-hotel.html]
[www.bookingcore.org/hotel/redac-gateway-hotel.html]
[www.bookingcore.org/tour98d8.html]
[www.bookingcore.org/tour/american-parks-trail.html]
[www.bookingcore.org/tour/new-york-museum-of-modern-art.html]
[www.bookingcore.org/tour/los-angeles-to-san-francisco-express.html]
[www.bookingcore.org/tour/southwest-states.html]
[www.bookingcore.org/tour/eastern-discovery-start-new-orleans.html]
[www.bookingcore.org/space/lily-dale-village.html]
[www.bookingcore.org/space/luxury-single.html]
[www.bookingcore.org/space/paris-greenwich-villa.html]
[www.bookingcore.org/car/vinfast-fadil-standard.html]
[www.bookingcore.org/car/vinfast-lux-v8-suv.html]
[www.bookingcore.org/car/toyota-prius-plus.html]
[www.bookingcore.org/car/honda-civic.html]
[www.bookingcore.org/car/vinfast-lux-sa20-plus.html]
[www.bookingcore.org/car/mercedes-benz.html]
[www.bookingcore.org/car/vinfast-fadil-plus.html]
[www.bookingcore.org/news/the-day-on-paris.html]
[www.bookingcore.org/en/news/category/adventure-travel.html]
[www.bookingcore.org/news/pure-luxe-in-punta-mita.html]
[www.bookingcore.org/en/news/category/ecotourism.html]
[www.bookingcore.org/news/all-aboard-the-rocky-mountaineer.html]
[www.bookingcore.org/en/news/category/hosted-tour.html]
[www.bookingcore.org/news/city-spotlight-philadelphia.html]
[www.bookingcore.org/news/tiptoe-through-the-tulips-of-washington.html]
[www.bookingcore.org/news/a-seaside-reset-in-laguna-beach.html]
[www.bookingcore.org/uploads/demo/general/avatar.jpg]
[www.bookingcore.org/uploads/demo/general/avatar-2.jpg]
[www.bookingcore.org/uploads/demo/general/avatar-3.jpg]
[www.bookingcore.org/images/ico_close.svg]
[www.bookingcore.org/en/password/reset.html]
[www.bookingcore.org/images/ico_fullname_signup.svg]
[www.bookingcore.org/images/ico_email_login_form.svg]
[www.bookingcore.org/images/ico_pass_login_form.svg]
[www.bookingcore.org/libs/flags/css/flag-icon.min.css]
[www.bookingcore.org/cdn-cgi/scripts/5c5dd728/cloudflare-static/email-decode.min.js]
[www.bookingcore.org/libs/lazy-load/intersection-observer.js]
[www.bookingcore.org/libs/lazy-load/lazyload.min.js]
[www.bookingcore.org/libs/lodash.min.js]
[www.bookingcore.org/libs/jquery-3.3.1.min.js]
[www.bookingcore.org/libs/vue/vue.js]
[www.bookingcore.org/libs/bootstrap/js/bootstrap.bundle.min.js]
[www.bookingcore.org/libs/bootbox/bootbox.min.js]
[www.bookingcore.org/libs/carousel-2/owl.carousel.min.js]
[www.bookingcore.org/libs/daterange/moment.min.js]
[www.bookingcore.org/libs/daterange/daterangepicker.min.js]
[www.bookingcore.org/libs/select2/js/select2.min.js]
[www.bookingcore.org/js/functionsd27d.js]
[www.bookingcore.org/index.html]
[www.bookingcore.org/libs/bootstrap/css/bootstrap.css]
[www.bookingcore.org/js/homed27d.js]
[www.bookingcore.org/libs/font-awesome/fonts/fontawesome-webfont3e6e.eot]
[www.bookingcore.org/libs/font-awesome/fonts/fontawesome-webfontd41d.eot]
[www.bookingcore.org/libs/font-awesome/fonts/fontawesome-webfont3e6e.woff2]
[www.bookingcore.org/libs/font-awesome/fonts/fontawesome-webfont3e6e.woff]
[www.bookingcore.org/libs/font-awesome/fonts/fontawesome-webfont3e6e.ttf]
[www.bookingcore.org/libs/font-awesome/css/font-awesome.css]
[www.bookingcore.org/libs/font-awesome/fonts/fontawesome-webfont3e6e.svg]
[www.bookingcore.org/libs/ionicons/fonts/ionicons9a08.eot]
[www.bookingcore.org/libs/ionicons/fonts/ionicons9a08.woff2]
[www.bookingcore.org/libs/ionicons/fonts/ionicons9a08.woff]
[www.bookingcore.org/libs/ionicons/fonts/ionicons9a08.ttf]
[www.bookingcore.org/libs/ionicons/css/ionicons.min.css]
[www.bookingcore.org/libs/ionicons/fonts/ionicons9a08.svg]
[www.bookingcore.org/libs/icofont/fonts/icofont.woff2]
[www.bookingcore.org/libs/icofont/icofont.min.css]
[www.bookingcore.org/libs/select2/css/select2.min.css]
[www.bookingcore.org/libs/icofont/fonts/icofont.woff]
[www.bookingcore.org/images/arow_leftad66.png]
[www.bookingcore.org/images/arrow_right3861.png]
[www.bookingcore.org/images/passenger7e8a.svg]
[www.bookingcore.org/images/baggagee044.svg]
[www.bookingcore.org/images/doorf8b8.svg]
[www.bookingcore.org/css/app.css]
[www.bookingcore.org/libs/daterange/daterangepicker.css]
[www.bookingcore.org/images/gear2b8f.svg]
[www.bookingcore.org/libs/carousel-2/owl.video.play.png]
[www.bookingcore.org/libs/carousel-2/owl.carousel.css]
[www.bookingcore.org/cdn-cgi/l/email-protection.html]
[www.bookingcore.org/indexe8d3.html]
[www.bookingcore.org/index34ee.html]
[www.bookingcore.org/uploads/demo/general/logo.svg]
[www.bookingcore.org/en/page/hotel.html]
[www.bookingcore.org/uploads/demo/hotel/banner-search-hotel.jpg]
[www.bookingcore.org/uploads/demo/hotel/hotel-icon-1.svg]
[www.bookingcore.org/uploads/demo/hotel/hotel-icon-2.svg]
[www.bookingcore.org/uploads/demo/hotel/hotel-icon-3.svg]
[www.bookingcore.org/hotel/the-may-fair-hotel.html]
[www.bookingcore.org/hotel/dylan-hotel.html]
[www.bookingcore.org/hotel/stewart-hotel.html]
[www.bookingcore.org/hotel/crowne-plaza-hotel.html]
[www.bookingcore.org/hotel98d8.html]
[www.bookingcore.org/uploads/demo/general/ico_piggy-bank_1.svg]
[www.bookingcore.org/uploads/demo/general/ico_friendship_1.svg]
[www.bookingcore.org/uploads/demo/general/ico_chat_1.svg]
[www.bookingcore.org/hotel/studio-allston-hotel.html]
[www.bookingcore.org/page/hotel.html]
[www.bookingcore.org/hotel/envision-hotel-biston.html]
[www.bookingcore.org/uploads/demo/tour/banner-search.jpg]
[www.bookingcore.org/uploads/demo/general/ico_localguide.png]
[www.bookingcore.org/uploads/demo/general/ico_adventurous.png]
[www.bookingcore.org/uploads/demo/general/ico_maps.png]
[www.bookingcore.org/tour/river-cruise-tour-on-the-seine.html]
[www.bookingcore.org/tour/cannes-and-antibes-night-tour.html]
[www.bookingcore.org/tour/san-francisco-express.html]
[www.bookingcore.org/tour/hollywood-sign-small-group-tour-in-luxury-van.html]
[www.bookingcore.org/tour/segway-tour-of-washington-dc-highlights.html]
[www.bookingcore.org/tour/eastern-discovery.html]
[www.bookingcore.org/page/tour.html]
[www.bookingcore.org/tour/pure-luxe-in-punta-mita.html]
[www.bookingcore.org/en/page/space.html]
[www.bookingcore.org/uploads/demo/space/banner-search-space.jpg]
[www.bookingcore.org/space/luxury-studio.html]
[www.bookingcore.org/space/luxury-apartment.html]
[www.bookingcore.org/space/beautiful-loft.html]
[www.bookingcore.org/space/best-of-west-village.html]
[www.bookingcore.org/space/duplex-greenwich.html]
[www.bookingcore.org/space9be9.html]
[www.bookingcore.org/uploads/demo/space/featured-box/icon-space-box-1.png]
[www.bookingcore.org/space3397.html]
[www.bookingcore.org/uploads/demo/space/featured-box/icon-space-box-2.png]
[www.bookingcore.org/space7437.html]
[www.bookingcore.org/uploads/demo/space/featured-box/icon-space-box-3.png]
[www.bookingcore.org/space1b5b.html]
[www.bookingcore.org/uploads/demo/space/featured-box/icon-space-box-4.png]
[www.bookingcore.org/space534d.html]
[www.bookingcore.org/uploads/demo/space/featured-box/icon-space-box-5.png]
[www.bookingcore.org/spacebdbb.html]
[www.bookingcore.org/uploads/demo/space/featured-box/icon-space-box-6.png]
[www.bookingcore.org/page/space.html]
[www.bookingcore.org/space98d8.html]
[www.bookingcore.org/en/page/car.html]
[www.bookingcore.org/uploads/demo/car/banner-search-car.jpg]
[www.bookingcore.org/carbdde.html]
[www.bookingcore.org/uploads/demo/car/terms/convertibles.jpg]
[www.bookingcore.org/car3a28.html]
[www.bookingcore.org/uploads/demo/car/terms/couple.jpg]
[www.bookingcore.org/car92ad.html]
[www.bookingcore.org/uploads/demo/car/terms/hatchback.jpg]
[www.bookingcore.org/car2306.html]
[www.bookingcore.org/uploads/demo/car/terms/minivans.jpg]
[www.bookingcore.org/care5ae.html]
[www.bookingcore.org/uploads/demo/car/terms/sedan.jpg]
[www.bookingcore.org/car179a.html]
[www.bookingcore.org/uploads/demo/car/terms/suv.jpg]
[www.bookingcore.org/carb5a7.html]
[www.bookingcore.org/uploads/demo/car/terms/trucks.jpg]
[www.bookingcore.org/cara724.html]
[www.bookingcore.org/uploads/demo/car/terms/wagons.jpg]
[www.bookingcore.org/uploads/demo/car/home-car-bg-1.png]
[www.bookingcore.org/uploads/demo/car/number-1.svg]
[www.bookingcore.org/uploads/demo/car/number-2.svg]
[www.bookingcore.org/uploads/demo/car/number-3.svg]
[www.bookingcore.org/page/car.html]
[www.bookingcore.org/car98d8.html]
[www.bookingcore.org/module/hotel/css/hoteld27d.css]
[www.bookingcore.org/libs/ion_rangeslider/css/ion.rangeSlider.min.css]
[www.bookingcore.org/hotel4658.html]
[www.bookingcore.org/libs/ion_rangeslider/js/ion.rangeSlider.min.js]
[www.bookingcore.org/hotel.html]
[www.bookingcore.org/module/hotel/js/hoteld27d.js]
[www.bookingcore.org/hotel5aea.json]
[www.bookingcore.org/libs/infobox.js]
[www.bookingcore.org/module/core/js/map-engined27d.js]
[www.bookingcore.org/hotel76a0.html]
[www.bookingcore.org/module/hotel/js/hotel-mapd27d.js]
[www.bookingcore.org/uploads/demo/space/space-13.jpg]
[www.bookingcore.org/libs/fotorama/fotorama.css]
[www.bookingcore.org/uploads/demo/hotel/hotel-featured-2.jpg]
[www.bookingcore.org/uploads/demo/hotel/gallery/hotel-gallery-1.jpg]
[www.bookingcore.org/uploads/demo/hotel/gallery/hotel-gallery-2.jpg]
[www.bookingcore.org/uploads/demo/hotel/gallery/hotel-gallery-3.jpg]
[www.bookingcore.org/uploads/demo/hotel/gallery/hotel-gallery-4.jpg]
[www.bookingcore.org/uploads/demo/hotel/gallery/hotel-gallery-5.jpg]
[www.bookingcore.org/uploads/demo/hotel/gallery/hotel-gallery-6.jpg]
[www.bookingcore.org/en/profile/1.html]
[www.bookingcore.org/uploads/0000/1/2019/11/15/portfolio7-350x400-150.jpg]
[www.bookingcore.org/icon/ico-vefified-1.svg]
[www.bookingcore.org/libs/fotorama/fotorama.js]
[www.bookingcore.org/libs/sticky/jquery.sticky.js]
[www.bookingcore.org/hotel/parian-holiday-villas.html]
[www.bookingcore.org/module/hotel/js/single-hoteld27d.js]
[www.bookingcore.org/module/tour/css/tourd27d.css]
[www.bookingcore.org/tour/trip-of-new-york-discover-america.html]
[www.bookingcore.org/tour/giverny-and-versailles-small-group-day-trip.html]
[www.bookingcore.org/tour/tastes-and-sounds-of-the-south-2019.html]
[www.bookingcore.org/tour4658.html]
[www.bookingcore.org/tour.html]
[www.bookingcore.org/module/tour/js/tourd27d.js]
[www.bookingcore.org/tour5aea.json]
[www.bookingcore.org/tour76a0.html]
[www.bookingcore.org/module/tour/js/tour-mapd27d.js]
[www.bookingcore.org/uploads/demo/tour/tour-4.jpg]
[www.bookingcore.org/uploads/demo/tour/banner-detail/banner-tour-4.jpg]
[www.bookingcore.org/uploads/demo/tour/gallery-1.jpg]
[www.bookingcore.org/uploads/demo/tour/gallery-2.jpg]
[www.bookingcore.org/uploads/demo/tour/gallery-3.jpg]
[www.bookingcore.org/uploads/demo/tour/gallery-4.jpg]
[www.bookingcore.org/uploads/demo/tour/gallery-5.jpg]
[www.bookingcore.org/uploads/demo/tour/gallery-6.jpg]
[www.bookingcore.org/uploads/demo/tour/gallery-7.jpg]
[www.bookingcore.org/uploads/demo/location/location-5.jpg]
[www.bookingcore.org/uploads/demo/location/location-4.jpg]
[www.bookingcore.org/uploads/demo/location/location-3.jpg]
[www.bookingcore.org/uploads/demo/location/location-2.jpg]
[www.bookingcore.org/tour/paris-vacation-travel.html]
[www.bookingcore.org/module/tour/js/single-tourd27d.js]
[www.bookingcore.org/uploads/demo/space/banner-search-space-2.jpg]
[www.bookingcore.org/module/space/css/spaced27d.css]
[www.bookingcore.org/space/east-village.html]
[www.bookingcore.org/space/the-meatpacking-suites.html]
[www.bookingcore.org/space4658.html]
[www.bookingcore.org/space.html]
[www.bookingcore.org/module/space/js/spaced27d.js]
[www.bookingcore.org/space5aea.json]
[www.bookingcore.org/space76a0.html]
[www.bookingcore.org/module/space/js/space-mapd27d.js]
[www.bookingcore.org/uploads/demo/space/space-11.jpg]
[www.bookingcore.org/uploads/demo/space/space-single-2.jpg]
[www.bookingcore.org/uploads/demo/space/gallery/space-gallery-1.jpg]
[www.bookingcore.org/uploads/demo/space/gallery/space-gallery-2.jpg]
[www.bookingcore.org/uploads/demo/space/gallery/space-gallery-3.jpg]
[www.bookingcore.org/uploads/demo/space/gallery/space-gallery-4.jpg]
[www.bookingcore.org/uploads/demo/space/gallery/space-gallery-5.jpg]
[www.bookingcore.org/uploads/demo/space/gallery/space-gallery-6.jpg]
[www.bookingcore.org/uploads/demo/space/gallery/space-gallery-7.jpg]
[www.bookingcore.org/en/profile/6.html]
[www.bookingcore.org/icon/ico-not-vefified-1.svg]
[www.bookingcore.org/space/stay-greenwich-village.html]
[www.bookingcore.org/module/space/js/single-spaced27d.js]
[www.bookingcore.org/module/car/css/card27d.css]
[www.bookingcore.org/car/2019-audi-s3.html]
[www.bookingcore.org/car4658.html]
[www.bookingcore.org/car.html]
[www.bookingcore.org/module/car/js/card27d.js]
[www.bookingcore.org/car5aea.json]
[www.bookingcore.org/car76a0.html]
[www.bookingcore.org/module/car/js/car-mapd27d.js]
[www.bookingcore.org/uploads/demo/car/car-11.jpg]
[www.bookingcore.org/uploads/demo/car/banner-single.jpg]
[www.bookingcore.org/uploads/demo/car/gallery-1.jpg]
[www.bookingcore.org/uploads/demo/car/gallery-2.jpg]
[www.bookingcore.org/uploads/demo/car/gallery-3.jpg]
[www.bookingcore.org/uploads/demo/car/gallery-4.jpg]
[www.bookingcore.org/uploads/demo/car/gallery-5.jpg]
[www.bookingcore.org/uploads/demo/car/gallery-6.jpg]
[www.bookingcore.org/uploads/demo/car/gallery-7.jpg]
[www.bookingcore.org/uploads/demo/car/feature/Airbag.svg]
[www.bookingcore.org/uploads/demo/car/feature/Radio.svg]
[www.bookingcore.org/uploads/demo/car/feature/Windows.svg]
[www.bookingcore.org/uploads/demo/car/feature/Sensor.svg]
[www.bookingcore.org/uploads/demo/car/feature/Speed.svg]
[www.bookingcore.org/uploads/demo/car/feature/Steering.svg]
[www.bookingcore.org/en/profile/5.html]
[www.bookingcore.org/car/bmw-x6-facelift.html]
[www.bookingcore.org/car/2019-honda-clarityt-1.html]
[www.bookingcore.org/car/2019-bmw-m6-gran-coupe.html]
[www.bookingcore.org/car/vinfast-lux-a20-plus.html]
[www.bookingcore.org/module/car/js/single-card27d.js]
[www.bookingcore.org/uploads/demo/news/news-banner.jpg]
[www.bookingcore.org/module/news/css/newsd27d.css]
[www.bookingcore.org/css/appd27d.css]
[www.bookingcore.org/en/news.html]
[www.bookingcore.org/news/america-national-parks-with-denver.html]
[www.bookingcore.org/news4658.html]
[www.bookingcore.org/en/news/category/sea-travel.html]
[www.bookingcore.org/en/news/category/city-trips.html]
[www.bookingcore.org/news.html]
[www.bookingcore.org/en/news/category/escorted-tour.html]
[www.bookingcore.org/uploads/demo/news/news-2.jpg]
[www.bookingcore.org/news/morning-in-the-northern-sea.html]
[www.bookingcore.org/en/page/become-a-vendor.html]
[www.bookingcore.org/module/vendor/css/vendor-registerd27d.css]
[www.bookingcore.org/uploads/demo/general/thumb-vendor-register.jpg]
[www.bookingcore.org/module/vendor/img/ico-play.svg]
[www.bookingcore.org/uploads/demo/general/bg-video-vendor-register1.jpg]
[www.bookingcore.org/images/ico_quest.png]
[www.bookingcore.org/page/become-a-vendor.html]
[www.bookingcore.org/module/vendor/js/vendor-registerd27d.js]
[www.bookingcore.org/css/contactd27d.css]
[www.bookingcore.org/uploads/demo/general/bg-contact.jpg]
[www.bookingcore.org/contact.html]
[www.bookingcore.org/en/page/tour.html]
[www.bookingcore.org/register.html]
[www.bookingcore.org/uploads/demo/space/space-5.jpg]
[www.bookingcore.org/uploads/demo/hotel/hotel-featured-4.jpg]
[www.bookingcore.org/hotel/hotel-stanford.html]
[www.bookingcore.org/uploads/demo/space/space-6.jpg]
[www.bookingcore.org/uploads/0000/221/2019/12/09/e4e336a2-9902-4642-8327-4403d6d5fae3-150.png]
[www.bookingcore.org/hotel/hotel-wbf-homachi.html]
[www.bookingcore.org/uploads/demo/space/space-7.jpg]
[www.bookingcore.org/uploads/demo/hotel/hotel-featured-3.jpg]
[www.bookingcore.org/hotel/castello-casole-hotel.html]
[www.bookingcore.org/hotel/castello-casole-hotel4658.html]
[www.bookingcore.org/uploads/demo/space/space-8.jpg]
[www.bookingcore.org/hotel/redac-gateway-hotel.html]
[www.bookingcore.org/tour98d8.html]
[www.bookingcore.org/uploads/demo/tour/tour-1.jpg]
[www.bookingcore.org/uploads/demo/tour/banner-detail/banner-tour-1.jpg]
[www.bookingcore.org/tour/american-parks-trail.html]
[www.bookingcore.org/uploads/demo/tour/tour-2.jpg]
[www.bookingcore.org/uploads/demo/tour/banner-detail/banner-tour-2.jpg]
[www.bookingcore.org/tour/new-york-museum-of-modern-art.html]
[www.bookingcore.org/uploads/demo/tour/tour-3.jpg]
[www.bookingcore.org/uploads/demo/tour/banner-detail/banner-tour-3.jpg]
[www.bookingcore.org/tour/los-angeles-to-san-francisco-express.html]
[www.bookingcore.org/uploads/demo/tour/tour-5.jpg]
[www.bookingcore.org/uploads/demo/tour/banner-detail/banner-tour-5.jpg]
[www.bookingcore.org/tour/southwest-states.html]
[www.bookingcore.org/uploads/demo/tour/tour-6.jpg]
[www.bookingcore.org/uploads/demo/tour/banner-detail/banner-tour-6.jpg]
[www.bookingcore.org/tour/eastern-discovery-start-new-orleans.html]
[www.bookingcore.org/en/profile/4.html]
[www.bookingcore.org/uploads/demo/space/space-10.jpg]
[www.bookingcore.org/space/lily-dale-village.html]
[www.bookingcore.org/uploads/demo/space/space-9.jpg]
[www.bookingcore.org/uploads/demo/space/space-single-3.jpg]
[www.bookingcore.org/space/luxury-single.html]
[www.bookingcore.org/uploads/demo/space/space-single-1.jpg]
[www.bookingcore.org/space/paris-greenwich-villa.html]
[www.bookingcore.org/uploads/demo/car/car-12.jpg]
[www.bookingcore.org/car/vinfast-fadil-standard.html]
[www.bookingcore.org/uploads/demo/car/car-10.jpg]
[www.bookingcore.org/car/vinfast-lux-v8-suv.html]
[www.bookingcore.org/uploads/demo/car/car-9.jpg]
[www.bookingcore.org/car/toyota-prius-plus.html]
[www.bookingcore.org/uploads/demo/car/car-8.jpg]
[www.bookingcore.org/car/honda-civic.html]
[www.bookingcore.org/uploads/demo/car/car-7.jpg]
[www.bookingcore.org/car/vinfast-lux-sa20-plus.html]
[www.bookingcore.org/uploads/demo/car/car-6.jpg]
[www.bookingcore.org/car/mercedes-benz.html]
[www.bookingcore.org/uploads/demo/car/car-5.jpg]
[www.bookingcore.org/car/vinfast-fadil-plus.html]
[www.bookingcore.org/uploads/demo/news/news-1.jpg]
[www.bookingcore.org/news/the-day-on-paris.html]
[www.bookingcore.org/en/news/category/adventure-travel.html]
[www.bookingcore.org/news/pure-luxe-in-punta-mita.html]
[www.bookingcore.org/en/news/category/ecotourism.html]
[www.bookingcore.org/uploads/demo/news/news-3.jpg]
[www.bookingcore.org/news/all-aboard-the-rocky-mountaineer.html]
[www.bookingcore.org/en/news/category/hosted-tour.html]
[www.bookingcore.org/uploads/demo/news/news-4.jpg]
[www.bookingcore.org/news/city-spotlight-philadelphia.html]
[www.bookingcore.org/uploads/demo/news/news-5.jpg]
[www.bookingcore.org/news/tiptoe-through-the-tulips-of-washington.html]
[www.bookingcore.org/uploads/demo/news/news-6.jpg]
[www.bookingcore.org/news/a-seaside-reset-in-laguna-beach.html]
[www.bookingcore.org/images/ico_close.svg]
[www.bookingcore.org/en/password/reset.html]
[www.bookingcore.org/images/ico_fullname_signup.svg]
[www.bookingcore.org/images/ico_email_login_form.svg]
[www.bookingcore.org/images/ico_pass_login_form.svg]
[www.bookingcore.org/libs/flags/flags/4x3/ad.svg]
[www.bookingcore.org/libs/flags/flags/1x1/ad.svg]
[www.bookingcore.org/libs/flags/flags/4x3/ae.svg]
[www.bookingcore.org/libs/flags/flags/1x1/ae.svg]
[www.bookingcore.org/libs/flags/flags/4x3/af.svg]
[www.bookingcore.org/libs/flags/flags/1x1/af.svg]
[www.bookingcore.org/libs/flags/flags/4x3/ag.svg]
[www.bookingcore.org/libs/flags/flags/1x1/ag.svg]
[www.bookingcore.org/libs/flags/flags/4x3/ai.svg]
[www.bookingcore.org/libs/flags/flags/1x1/ai.svg]
[www.bookingcore.org/libs/flags/flags/4x3/al.svg]
[www.bookingcore.org/libs/flags/flags/1x1/al.svg]
[www.bookingcore.org/libs/flags/flags/4x3/am.svg]
[www.bookingcore.org/libs/flags/flags/1x1/am.svg]
[www.bookingcore.org/libs/flags/flags/4x3/ao.svg]
[www.bookingcore.org/libs/flags/flags/1x1/ao.svg]
[www.bookingcore.org/libs/flags/flags/4x3/aq.svg]
[www.bookingcore.org/libs/flags/flags/1x1/aq.svg]
[www.bookingcore.org/libs/flags/flags/4x3/ar.svg]
[www.bookingcore.org/libs/flags/flags/1x1/ar.svg]
[www.bookingcore.org/libs/flags/flags/4x3/as.svg]
[www.bookingcore.org/libs/flags/flags/1x1/as.svg]
[www.bookingcore.org/libs/flags/flags/4x3/at.svg]
[www.bookingcore.org/libs/flags/flags/1x1/at.svg]
[www.bookingcore.org/libs/flags/flags/4x3/au.svg]
[www.bookingcore.org/libs/flags/flags/1x1/au.svg]
[www.bookingcore.org/libs/flags/flags/4x3/aw.svg]
[www.bookingcore.org/libs/flags/flags/1x1/aw.svg]
[www.bookingcore.org/libs/flags/flags/4x3/ax.svg]
[www.bookingcore.org/libs/flags/flags/1x1/ax.svg]
[www.bookingcore.org/libs/flags/flags/4x3/az.svg]
[www.bookingcore.org/libs/flags/flags/1x1/az.svg]
[www.bookingcore.org/libs/flags/flags/4x3/ba.svg]
[www.bookingcore.org/libs/flags/flags/1x1/ba.svg]
[www.bookingcore.org/libs/flags/flags/4x3/bb.svg]
[www.bookingcore.org/libs/flags/flags/1x1/bb.svg]
[www.bookingcore.org/libs/flags/flags/4x3/bd.svg]
[www.bookingcore.org/libs/flags/flags/1x1/bd.svg]
[www.bookingcore.org/libs/flags/flags/4x3/be.svg]
[www.bookingcore.org/libs/flags/flags/1x1/be.svg]
[www.bookingcore.org/libs/flags/flags/4x3/bf.svg]
[www.bookingcore.org/libs/flags/flags/1x1/bf.svg]
[www.bookingcore.org/libs/flags/flags/4x3/bg.svg]
[www.bookingcore.org/libs/flags/flags/1x1/bg.svg]
[www.bookingcore.org/libs/flags/flags/4x3/bh.svg]
[www.bookingcore.org/libs/flags/flags/1x1/bh.svg]
[www.bookingcore.org/libs/flags/flags/4x3/bi.svg]
[www.bookingcore.org/libs/flags/flags/1x1/bi.svg]
[www.bookingcore.org/libs/flags/flags/4x3/bj.svg]
[www.bookingcore.org/libs/flags/flags/1x1/bj.svg]
[www.bookingcore.org/libs/flags/flags/4x3/bl.svg]
[www.bookingcore.org/libs/flags/flags/1x1/bl.svg]
[www.bookingcore.org/libs/flags/flags/4x3/bm.svg]
[www.bookingcore.org/libs/flags/flags/1x1/bm.svg]
[www.bookingcore.org/libs/flags/flags/4x3/bn.svg]
[www.bookingcore.org/libs/flags/flags/1x1/bn.svg]
[www.bookingcore.org/libs/flags/flags/4x3/bo.svg]
[www.bookingcore.org/libs/flags/flags/1x1/bo.svg]
[www.bookingcore.org/libs/flags/flags/4x3/bq.svg]
[www.bookingcore.org/libs/flags/flags/1x1/bq.svg]
[www.bookingcore.org/libs/flags/flags/4x3/br.svg]
[www.bookingcore.org/libs/flags/flags/1x1/br.svg]
[www.bookingcore.org/libs/flags/flags/4x3/bs.svg]
[www.bookingcore.org/libs/flags/flags/1x1/bs.svg]
[www.bookingcore.org/libs/flags/flags/4x3/bt.svg]
[www.bookingcore.org/libs/flags/flags/1x1/bt.svg]
[www.bookingcore.org/libs/flags/flags/4x3/bv.svg]
[www.bookingcore.org/libs/flags/flags/1x1/bv.svg]
[www.bookingcore.org/libs/flags/flags/4x3/bw.svg]
[www.bookingcore.org/libs/flags/flags/1x1/bw.svg]
[www.bookingcore.org/libs/flags/flags/4x3/by.svg]
[www.bookingcore.org/libs/flags/flags/1x1/by.svg]
[www.bookingcore.org/libs/flags/flags/4x3/bz.svg]
[www.bookingcore.org/libs/flags/flags/1x1/bz.svg]
[www.bookingcore.org/libs/flags/flags/4x3/ca.svg]
[www.bookingcore.org/libs/flags/flags/1x1/ca.svg]
[www.bookingcore.org/libs/flags/flags/4x3/cc.svg]
[www.bookingcore.org/libs/flags/flags/1x1/cc.svg]
[www.bookingcore.org/libs/flags/flags/4x3/cd.svg]
[www.bookingcore.org/libs/flags/flags/1x1/cd.svg]
[www.bookingcore.org/libs/flags/flags/4x3/cf.svg]
[www.bookingcore.org/libs/flags/flags/1x1/cf.svg]
[www.bookingcore.org/libs/flags/flags/4x3/cg.svg]
[www.bookingcore.org/libs/flags/flags/1x1/cg.svg]
[www.bookingcore.org/libs/flags/flags/4x3/ch.svg]
[www.bookingcore.org/libs/flags/flags/1x1/ch.svg]
[www.bookingcore.org/libs/flags/flags/4x3/ci.svg]
[www.bookingcore.org/libs/flags/flags/1x1/ci.svg]
[www.bookingcore.org/libs/flags/flags/4x3/ck.svg]
[www.bookingcore.org/libs/flags/flags/1x1/ck.svg]
[www.bookingcore.org/libs/flags/flags/4x3/cl.svg]
[www.bookingcore.org/libs/flags/flags/1x1/cl.svg]
[www.bookingcore.org/libs/flags/flags/4x3/cm.svg]
[www.bookingcore.org/libs/flags/flags/1x1/cm.svg]
[www.bookingcore.org/libs/flags/flags/4x3/cn.svg]
[www.bookingcore.org/libs/flags/flags/1x1/cn.svg]
[www.bookingcore.org/libs/flags/flags/4x3/co.svg]
[www.bookingcore.org/libs/flags/flags/1x1/co.svg]
[www.bookingcore.org/libs/flags/flags/4x3/cr.svg]
[www.bookingcore.org/libs/flags/flags/1x1/cr.svg]
[www.bookingcore.org/libs/flags/flags/4x3/cu.svg]
[www.bookingcore.org/libs/flags/flags/1x1/cu.svg]
[www.bookingcore.org/libs/flags/flags/4x3/cv.svg]
[www.bookingcore.org/libs/flags/flags/1x1/cv.svg]
[www.bookingcore.org/libs/flags/flags/4x3/cw.svg]
[www.bookingcore.org/libs/flags/flags/1x1/cw.svg]
[www.bookingcore.org/libs/flags/flags/4x3/cx.svg]
[www.bookingcore.org/libs/flags/flags/1x1/cx.svg]
[www.bookingcore.org/libs/flags/flags/4x3/cy.svg]
[www.bookingcore.org/libs/flags/flags/1x1/cy.svg]
[www.bookingcore.org/libs/flags/flags/4x3/cz.svg]
[www.bookingcore.org/libs/flags/flags/1x1/cz.svg]
[www.bookingcore.org/libs/flags/flags/4x3/de.svg]
[www.bookingcore.org/libs/flags/flags/1x1/de.svg]
[www.bookingcore.org/libs/flags/flags/4x3/dj.svg]
[www.bookingcore.org/libs/flags/flags/1x1/dj.svg]
[www.bookingcore.org/libs/flags/flags/4x3/dk.svg]
[www.bookingcore.org/libs/flags/flags/1x1/dk.svg]
[www.bookingcore.org/libs/flags/flags/4x3/dm.svg]
[www.bookingcore.org/libs/flags/flags/1x1/dm.svg]
[www.bookingcore.org/libs/flags/flags/4x3/do.svg]
[www.bookingcore.org/libs/flags/flags/1x1/do.svg]
[www.bookingcore.org/libs/flags/flags/4x3/dz.svg]
[www.bookingcore.org/libs/flags/flags/1x1/dz.svg]
[www.bookingcore.org/libs/flags/flags/4x3/ec.svg]
[www.bookingcore.org/libs/flags/flags/1x1/ec.svg]
[www.bookingcore.org/libs/flags/flags/4x3/ee.svg]
[www.bookingcore.org/libs/flags/flags/1x1/ee.svg]
[www.bookingcore.org/libs/flags/flags/4x3/eg.svg]
[www.bookingcore.org/libs/flags/flags/1x1/eg.svg]
[www.bookingcore.org/libs/flags/flags/4x3/eh.svg]
[www.bookingcore.org/libs/flags/flags/1x1/eh.svg]
[www.bookingcore.org/libs/flags/flags/4x3/er.svg]
[www.bookingcore.org/libs/flags/flags/1x1/er.svg]
[www.bookingcore.org/libs/flags/flags/4x3/es.svg]
[www.bookingcore.org/libs/flags/flags/1x1/es.svg]
[www.bookingcore.org/libs/flags/flags/4x3/et.svg]
[www.bookingcore.org/libs/flags/flags/1x1/et.svg]
[www.bookingcore.org/libs/flags/flags/4x3/fi.svg]
[www.bookingcore.org/libs/flags/flags/1x1/fi.svg]
[www.bookingcore.org/libs/flags/flags/4x3/fj.svg]
[www.bookingcore.org/libs/flags/flags/1x1/fj.svg]
[www.bookingcore.org/libs/flags/flags/4x3/fk.svg]
[www.bookingcore.org/libs/flags/flags/1x1/fk.svg]
[www.bookingcore.org/libs/flags/flags/4x3/fm.svg]
[www.bookingcore.org/libs/flags/flags/1x1/fm.svg]
[www.bookingcore.org/libs/flags/flags/4x3/fo.svg]
[www.bookingcore.org/libs/flags/flags/1x1/fo.svg]
[www.bookingcore.org/libs/flags/flags/4x3/fr.svg]
[www.bookingcore.org/libs/flags/flags/1x1/fr.svg]
[www.bookingcore.org/libs/flags/flags/4x3/ga.svg]
[www.bookingcore.org/libs/flags/flags/1x1/ga.svg]
[www.bookingcore.org/libs/flags/flags/4x3/gb.svg]
[www.bookingcore.org/libs/flags/flags/1x1/gb.svg]
[www.bookingcore.org/libs/flags/flags/4x3/gd.svg]
[www.bookingcore.org/libs/flags/flags/1x1/gd.svg]
[www.bookingcore.org/libs/flags/flags/4x3/ge.svg]
[www.bookingcore.org/libs/flags/flags/1x1/ge.svg]
[www.bookingcore.org/libs/flags/flags/4x3/gf.svg]
[www.bookingcore.org/libs/flags/flags/1x1/gf.svg]
[www.bookingcore.org/libs/flags/flags/4x3/gg.svg]
[www.bookingcore.org/libs/flags/flags/1x1/gg.svg]
[www.bookingcore.org/libs/flags/flags/4x3/gh.svg]
[www.bookingcore.org/libs/flags/flags/1x1/gh.svg]
[www.bookingcore.org/libs/flags/flags/4x3/gi.svg]
[www.bookingcore.org/libs/flags/flags/1x1/gi.svg]
[www.bookingcore.org/libs/flags/flags/4x3/gl.svg]
[www.bookingcore.org/libs/flags/flags/1x1/gl.svg]
[www.bookingcore.org/libs/flags/flags/4x3/gm.svg]
[www.bookingcore.org/libs/flags/flags/1x1/gm.svg]
[www.bookingcore.org/libs/flags/flags/4x3/gn.svg]
[www.bookingcore.org/libs/flags/flags/1x1/gn.svg]
[www.bookingcore.org/libs/flags/flags/4x3/gp.svg]
[www.bookingcore.org/libs/flags/flags/1x1/gp.svg]
[www.bookingcore.org/libs/flags/flags/4x3/gq.svg]
[www.bookingcore.org/libs/flags/flags/1x1/gq.svg]
[www.bookingcore.org/libs/flags/flags/4x3/gr.svg]
[www.bookingcore.org/libs/flags/flags/1x1/gr.svg]
[www.bookingcore.org/libs/flags/flags/4x3/gs.svg]
[www.bookingcore.org/libs/flags/flags/1x1/gs.svg]
[www.bookingcore.org/libs/flags/flags/4x3/gt.svg]
[www.bookingcore.org/libs/flags/flags/1x1/gt.svg]
[www.bookingcore.org/libs/flags/flags/4x3/gu.svg]
[www.bookingcore.org/libs/flags/flags/1x1/gu.svg]
[www.bookingcore.org/libs/flags/flags/4x3/gw.svg]
[www.bookingcore.org/libs/flags/flags/1x1/gw.svg]
[www.bookingcore.org/libs/flags/flags/4x3/gy.svg]
[www.bookingcore.org/libs/flags/flags/1x1/gy.svg]
[www.bookingcore.org/libs/flags/flags/4x3/hk.svg]
[www.bookingcore.org/libs/flags/flags/1x1/hk.svg]
[www.bookingcore.org/libs/flags/flags/4x3/hm.svg]
[www.bookingcore.org/libs/flags/flags/1x1/hm.svg]
[www.bookingcore.org/libs/flags/flags/4x3/hn.svg]
[www.bookingcore.org/libs/flags/flags/1x1/hn.svg]
[www.bookingcore.org/libs/flags/flags/4x3/hr.svg]
[www.bookingcore.org/libs/flags/flags/1x1/hr.svg]
[www.bookingcore.org/libs/flags/flags/4x3/ht.svg]
[www.bookingcore.org/libs/flags/flags/1x1/ht.svg]
[www.bookingcore.org/libs/flags/flags/4x3/hu.svg]
[www.bookingcore.org/libs/flags/flags/1x1/hu.svg]
[www.bookingcore.org/libs/flags/flags/4x3/id.svg]
[www.bookingcore.org/libs/flags/flags/1x1/id.svg]
[www.bookingcore.org/libs/flags/flags/4x3/ie.svg]
[www.bookingcore.org/libs/flags/flags/1x1/ie.svg]
[www.bookingcore.org/libs/flags/flags/4x3/il.svg]
[www.bookingcore.org/libs/flags/flags/1x1/il.svg]
[www.bookingcore.org/libs/flags/flags/4x3/im.svg]
[www.bookingcore.org/libs/flags/flags/1x1/im.svg]
[www.bookingcore.org/libs/flags/flags/4x3/in.svg]
[www.bookingcore.org/libs/flags/flags/1x1/in.svg]
[www.bookingcore.org/libs/flags/flags/4x3/io.svg]
[www.bookingcore.org/libs/flags/flags/1x1/io.svg]
[www.bookingcore.org/libs/flags/flags/4x3/iq.svg]
[www.bookingcore.org/libs/flags/flags/1x1/iq.svg]
[www.bookingcore.org/libs/flags/flags/4x3/ir.svg]
[www.bookingcore.org/libs/flags/flags/1x1/ir.svg]
[www.bookingcore.org/libs/flags/flags/4x3/is.svg]
[www.bookingcore.org/libs/flags/flags/1x1/is.svg]
[www.bookingcore.org/libs/flags/flags/4x3/it.svg]
[www.bookingcore.org/libs/flags/flags/1x1/it.svg]
[www.bookingcore.org/libs/flags/flags/4x3/je.svg]
[www.bookingcore.org/libs/flags/flags/1x1/je.svg]
[www.bookingcore.org/libs/flags/flags/4x3/jm.svg]
[www.bookingcore.org/libs/flags/flags/1x1/jm.svg]
[www.bookingcore.org/libs/flags/flags/4x3/jo.svg]
[www.bookingcore.org/libs/flags/flags/1x1/jo.svg]
[www.bookingcore.org/libs/flags/flags/4x3/jp.svg]
[www.bookingcore.org/libs/flags/flags/1x1/jp.svg]
[www.bookingcore.org/libs/flags/flags/4x3/ke.svg]
[www.bookingcore.org/libs/flags/flags/1x1/ke.svg]
[www.bookingcore.org/libs/flags/flags/4x3/kg.svg]
[www.bookingcore.org/libs/flags/flags/1x1/kg.svg]
[www.bookingcore.org/libs/flags/flags/4x3/kh.svg]
[www.bookingcore.org/libs/flags/flags/1x1/kh.svg]
[www.bookingcore.org/libs/flags/flags/4x3/ki.svg]
[www.bookingcore.org/libs/flags/flags/1x1/ki.svg]
[www.bookingcore.org/libs/flags/flags/4x3/km.svg]
[www.bookingcore.org/libs/flags/flags/1x1/km.svg]
[www.bookingcore.org/libs/flags/flags/4x3/kn.svg]
[www.bookingcore.org/libs/flags/flags/1x1/kn.svg]
[www.bookingcore.org/libs/flags/flags/4x3/kp.svg]
[www.bookingcore.org/libs/flags/flags/1x1/kp.svg]
[www.bookingcore.org/libs/flags/flags/4x3/kr.svg]
[www.bookingcore.org/libs/flags/flags/1x1/kr.svg]
[www.bookingcore.org/libs/flags/flags/4x3/kw.svg]
[www.bookingcore.org/libs/flags/flags/1x1/kw.svg]
[www.bookingcore.org/libs/flags/flags/4x3/ky.svg]
[www.bookingcore.org/libs/flags/flags/1x1/ky.svg]
[www.bookingcore.org/libs/flags/flags/4x3/kz.svg]
[www.bookingcore.org/libs/flags/flags/1x1/kz.svg]
[www.bookingcore.org/libs/flags/flags/4x3/la.svg]
[www.bookingcore.org/libs/flags/flags/1x1/la.svg]
[www.bookingcore.org/libs/flags/flags/4x3/lb.svg]
[www.bookingcore.org/libs/flags/flags/1x1/lb.svg]
[www.bookingcore.org/libs/flags/flags/4x3/lc.svg]
[www.bookingcore.org/libs/flags/flags/1x1/lc.svg]
[www.bookingcore.org/libs/flags/flags/4x3/li.svg]
[www.bookingcore.org/libs/flags/flags/1x1/li.svg]
[www.bookingcore.org/libs/flags/flags/4x3/lk.svg]
[www.bookingcore.org/libs/flags/flags/1x1/lk.svg]
[www.bookingcore.org/libs/flags/flags/4x3/lr.svg]
[www.bookingcore.org/libs/flags/flags/1x1/lr.svg]
[www.bookingcore.org/libs/flags/flags/4x3/ls.svg]
[www.bookingcore.org/libs/flags/flags/1x1/ls.svg]
[www.bookingcore.org/libs/flags/flags/4x3/lt.svg]
[www.bookingcore.org/libs/flags/flags/1x1/lt.svg]
[www.bookingcore.org/libs/flags/flags/4x3/lu.svg]
[www.bookingcore.org/libs/flags/flags/1x1/lu.svg]
[www.bookingcore.org/libs/flags/flags/4x3/lv.svg]
[www.bookingcore.org/libs/flags/flags/1x1/lv.svg]
[www.bookingcore.org/libs/flags/flags/4x3/ly.svg]
[www.bookingcore.org/libs/flags/flags/1x1/ly.svg]
[www.bookingcore.org/libs/flags/flags/4x3/ma.svg]
[www.bookingcore.org/libs/flags/flags/1x1/ma.svg]
[www.bookingcore.org/libs/flags/flags/4x3/mc.svg]
[www.bookingcore.org/libs/flags/flags/1x1/mc.svg]
[www.bookingcore.org/libs/flags/flags/4x3/md.svg]
[www.bookingcore.org/libs/flags/flags/1x1/md.svg]
[www.bookingcore.org/libs/flags/flags/4x3/me.svg]
[www.bookingcore.org/libs/flags/flags/1x1/me.svg]
[www.bookingcore.org/libs/flags/flags/4x3/mf.svg]
[www.bookingcore.org/libs/flags/flags/1x1/mf.svg]
[www.bookingcore.org/libs/flags/flags/4x3/mg.svg]
[www.bookingcore.org/libs/flags/flags/1x1/mg.svg]
[www.bookingcore.org/libs/flags/flags/4x3/mh.svg]
[www.bookingcore.org/libs/flags/flags/1x1/mh.svg]
[www.bookingcore.org/libs/flags/flags/4x3/mk.svg]
[www.bookingcore.org/libs/flags/flags/1x1/mk.svg]
[www.bookingcore.org/libs/flags/flags/4x3/ml.svg]
[www.bookingcore.org/libs/flags/flags/1x1/ml.svg]
[www.bookingcore.org/libs/flags/flags/4x3/mm.svg]
[www.bookingcore.org/libs/flags/flags/1x1/mm.svg]
[www.bookingcore.org/libs/flags/flags/4x3/mn.svg]
[www.bookingcore.org/libs/flags/flags/1x1/mn.svg]
[www.bookingcore.org/libs/flags/flags/4x3/mo.svg]
[www.bookingcore.org/libs/flags/flags/1x1/mo.svg]
[www.bookingcore.org/libs/flags/flags/4x3/mp.svg]
[www.bookingcore.org/libs/flags/flags/1x1/mp.svg]
[www.bookingcore.org/libs/flags/flags/4x3/mq.svg]
[www.bookingcore.org/libs/flags/flags/1x1/mq.svg]
[www.bookingcore.org/libs/flags/flags/4x3/mr.svg]
[www.bookingcore.org/libs/flags/flags/1x1/mr.svg]
[www.bookingcore.org/libs/flags/flags/4x3/ms.svg]
[www.bookingcore.org/libs/flags/flags/1x1/ms.svg]
[www.bookingcore.org/libs/flags/flags/4x3/mt.svg]
[www.bookingcore.org/libs/flags/flags/1x1/mt.svg]
[www.bookingcore.org/libs/flags/flags/4x3/mu.svg]
[www.bookingcore.org/libs/flags/flags/1x1/mu.svg]
[www.bookingcore.org/libs/flags/flags/4x3/mv.svg]
[www.bookingcore.org/libs/flags/flags/1x1/mv.svg]
[www.bookingcore.org/libs/flags/flags/4x3/mw.svg]
[www.bookingcore.org/libs/flags/flags/1x1/mw.svg]
[www.bookingcore.org/libs/flags/flags/4x3/mx.svg]
[www.bookingcore.org/libs/flags/flags/1x1/mx.svg]
[www.bookingcore.org/libs/flags/flags/4x3/my.svg]
[www.bookingcore.org/libs/flags/flags/1x1/my.svg]
[www.bookingcore.org/libs/flags/flags/4x3/mz.svg]
[www.bookingcore.org/libs/flags/flags/1x1/mz.svg]
[www.bookingcore.org/libs/flags/flags/4x3/na.svg]
[www.bookingcore.org/libs/flags/flags/1x1/na.svg]
[www.bookingcore.org/libs/flags/flags/4x3/nc.svg]
[www.bookingcore.org/libs/flags/flags/1x1/nc.svg]
[www.bookingcore.org/libs/flags/flags/4x3/ne.svg]
[www.bookingcore.org/libs/flags/flags/1x1/ne.svg]
[www.bookingcore.org/libs/flags/flags/4x3/nf.svg]
[www.bookingcore.org/libs/flags/flags/1x1/nf.svg]
[www.bookingcore.org/libs/flags/flags/4x3/ng.svg]
[www.bookingcore.org/libs/flags/flags/1x1/ng.svg]
[www.bookingcore.org/libs/flags/flags/4x3/ni.svg]
[www.bookingcore.org/libs/flags/flags/1x1/ni.svg]
[www.bookingcore.org/libs/flags/flags/4x3/nl.svg]
[www.bookingcore.org/libs/flags/flags/1x1/nl.svg]
[www.bookingcore.org/libs/flags/flags/4x3/no.svg]
[www.bookingcore.org/libs/flags/flags/1x1/no.svg]
[www.bookingcore.org/libs/flags/flags/4x3/np.svg]
[www.bookingcore.org/libs/flags/flags/1x1/np.svg]
[www.bookingcore.org/libs/flags/flags/4x3/nr.svg]
[www.bookingcore.org/libs/flags/flags/1x1/nr.svg]
[www.bookingcore.org/libs/flags/flags/4x3/nu.svg]
[www.bookingcore.org/libs/flags/flags/1x1/nu.svg]
[www.bookingcore.org/libs/flags/flags/4x3/nz.svg]
[www.bookingcore.org/libs/flags/flags/1x1/nz.svg]
[www.bookingcore.org/libs/flags/flags/4x3/om.svg]
[www.bookingcore.org/libs/flags/flags/1x1/om.svg]
[www.bookingcore.org/libs/flags/flags/4x3/pa.svg]
[www.bookingcore.org/libs/flags/flags/1x1/pa.svg]
[www.bookingcore.org/libs/flags/flags/4x3/pe.svg]
[www.bookingcore.org/libs/flags/flags/1x1/pe.svg]
[www.bookingcore.org/libs/flags/flags/4x3/pf.svg]
[www.bookingcore.org/libs/flags/flags/1x1/pf.svg]
[www.bookingcore.org/libs/flags/flags/4x3/pg.svg]
[www.bookingcore.org/libs/flags/flags/1x1/pg.svg]
[www.bookingcore.org/libs/flags/flags/4x3/ph.svg]
[www.bookingcore.org/libs/flags/flags/1x1/ph.svg]
[www.bookingcore.org/libs/flags/flags/4x3/pk.svg]
[www.bookingcore.org/libs/flags/flags/1x1/pk.svg]
[www.bookingcore.org/libs/flags/flags/4x3/pl.svg]
[www.bookingcore.org/libs/flags/flags/1x1/pl.svg]
[www.bookingcore.org/libs/flags/flags/4x3/pm.svg]
[www.bookingcore.org/libs/flags/flags/1x1/pm.svg]
[www.bookingcore.org/libs/flags/flags/4x3/pn.svg]
[www.bookingcore.org/libs/flags/flags/1x1/pn.svg]
[www.bookingcore.org/libs/flags/flags/4x3/pr.svg]
[www.bookingcore.org/libs/flags/flags/1x1/pr.svg]
[www.bookingcore.org/libs/flags/flags/4x3/ps.svg]
[www.bookingcore.org/libs/flags/flags/1x1/ps.svg]
[www.bookingcore.org/libs/flags/flags/4x3/pt.svg]
[www.bookingcore.org/libs/flags/flags/1x1/pt.svg]
[www.bookingcore.org/libs/flags/flags/4x3/pw.svg]
[www.bookingcore.org/libs/flags/flags/1x1/pw.svg]
[www.bookingcore.org/libs/flags/flags/4x3/py.svg]
[www.bookingcore.org/libs/flags/flags/1x1/py.svg]
[www.bookingcore.org/libs/flags/flags/4x3/qa.svg]
[www.bookingcore.org/libs/flags/flags/1x1/qa.svg]
[www.bookingcore.org/libs/flags/flags/4x3/re.svg]
[www.bookingcore.org/libs/flags/flags/1x1/re.svg]
[www.bookingcore.org/libs/flags/flags/4x3/ro.svg]
[www.bookingcore.org/libs/flags/flags/1x1/ro.svg]
[www.bookingcore.org/libs/flags/flags/4x3/rs.svg]
[www.bookingcore.org/libs/flags/flags/1x1/rs.svg]
[www.bookingcore.org/libs/flags/flags/4x3/ru.svg]
[www.bookingcore.org/libs/flags/flags/1x1/ru.svg]
[www.bookingcore.org/libs/flags/flags/4x3/rw.svg]
[www.bookingcore.org/libs/flags/flags/1x1/rw.svg]
[www.bookingcore.org/libs/flags/flags/4x3/sa.svg]
[www.bookingcore.org/libs/flags/flags/1x1/sa.svg]
[www.bookingcore.org/libs/flags/flags/4x3/sb.svg]
[www.bookingcore.org/libs/flags/flags/1x1/sb.svg]
[www.bookingcore.org/libs/flags/flags/4x3/sc.svg]
[www.bookingcore.org/libs/flags/flags/1x1/sc.svg]
[www.bookingcore.org/libs/flags/flags/4x3/sd.svg]
[www.bookingcore.org/libs/flags/flags/1x1/sd.svg]
[www.bookingcore.org/libs/flags/flags/4x3/se.svg]
[www.bookingcore.org/libs/flags/flags/1x1/se.svg]
[www.bookingcore.org/libs/flags/flags/4x3/sg.svg]
[www.bookingcore.org/libs/flags/flags/1x1/sg.svg]
[www.bookingcore.org/libs/flags/flags/4x3/sh.svg]
[www.bookingcore.org/libs/flags/flags/1x1/sh.svg]
[www.bookingcore.org/libs/flags/flags/4x3/si.svg]
[www.bookingcore.org/libs/flags/flags/1x1/si.svg]
[www.bookingcore.org/libs/flags/flags/4x3/sj.svg]
[www.bookingcore.org/libs/flags/flags/1x1/sj.svg]
[www.bookingcore.org/libs/flags/flags/4x3/sk.svg]
[www.bookingcore.org/libs/flags/flags/1x1/sk.svg]
[www.bookingcore.org/libs/flags/flags/4x3/sl.svg]
[www.bookingcore.org/libs/flags/flags/1x1/sl.svg]
[www.bookingcore.org/libs/flags/flags/4x3/sm.svg]
[www.bookingcore.org/libs/flags/flags/1x1/sm.svg]
[www.bookingcore.org/libs/flags/flags/4x3/sn.svg]
[www.bookingcore.org/libs/flags/flags/1x1/sn.svg]
[www.bookingcore.org/libs/flags/flags/4x3/so.svg]
[www.bookingcore.org/libs/flags/flags/1x1/so.svg]
[www.bookingcore.org/libs/flags/flags/4x3/sr.svg]
[www.bookingcore.org/libs/flags/flags/1x1/sr.svg]
[www.bookingcore.org/libs/flags/flags/4x3/ss.svg]
[www.bookingcore.org/libs/flags/flags/1x1/ss.svg]
[www.bookingcore.org/libs/flags/flags/4x3/st.svg]
[www.bookingcore.org/libs/flags/flags/1x1/st.svg]
[www.bookingcore.org/libs/flags/flags/4x3/sv.svg]
[www.bookingcore.org/libs/flags/flags/1x1/sv.svg]
[www.bookingcore.org/libs/flags/flags/4x3/sx.svg]
[www.bookingcore.org/libs/flags/flags/1x1/sx.svg]
[www.bookingcore.org/libs/flags/flags/4x3/sy.svg]
[www.bookingcore.org/libs/flags/flags/1x1/sy.svg]
[www.bookingcore.org/libs/flags/flags/4x3/sz.svg]
[www.bookingcore.org/libs/flags/flags/1x1/sz.svg]
[www.bookingcore.org/libs/flags/flags/4x3/tc.svg]
[www.bookingcore.org/libs/flags/flags/1x1/tc.svg]
[www.bookingcore.org/libs/flags/flags/4x3/td.svg]
[www.bookingcore.org/libs/flags/flags/1x1/td.svg]
[www.bookingcore.org/libs/flags/flags/4x3/tf.svg]
[www.bookingcore.org/libs/flags/flags/1x1/tf.svg]
[www.bookingcore.org/libs/flags/flags/4x3/tg.svg]
[www.bookingcore.org/libs/flags/flags/1x1/tg.svg]
[www.bookingcore.org/libs/flags/flags/4x3/th.svg]
[www.bookingcore.org/libs/flags/flags/1x1/th.svg]
[www.bookingcore.org/libs/flags/flags/4x3/tj.svg]
[www.bookingcore.org/libs/flags/flags/1x1/tj.svg]
[www.bookingcore.org/libs/flags/flags/4x3/tk.svg]
[www.bookingcore.org/libs/flags/flags/1x1/tk.svg]
[www.bookingcore.org/libs/flags/flags/4x3/tl.svg]
[www.bookingcore.org/libs/flags/flags/1x1/tl.svg]
[www.bookingcore.org/libs/flags/flags/4x3/tm.svg]
[www.bookingcore.org/libs/flags/flags/1x1/tm.svg]
[www.bookingcore.org/libs/flags/flags/4x3/tn.svg]
[www.bookingcore.org/libs/flags/flags/1x1/tn.svg]
[www.bookingcore.org/libs/flags/flags/4x3/to.svg]
[www.bookingcore.org/libs/flags/flags/1x1/to.svg]
[www.bookingcore.org/libs/flags/flags/4x3/tr.svg]
[www.bookingcore.org/libs/flags/flags/1x1/tr.svg]
[www.bookingcore.org/libs/flags/flags/4x3/tt.svg]
[www.bookingcore.org/libs/flags/flags/1x1/tt.svg]
[www.bookingcore.org/libs/flags/flags/4x3/tv.svg]
[www.bookingcore.org/libs/flags/flags/1x1/tv.svg]
[www.bookingcore.org/libs/flags/flags/4x3/tw.svg]
[www.bookingcore.org/libs/flags/flags/1x1/tw.svg]
[www.bookingcore.org/libs/flags/flags/4x3/tz.svg]
[www.bookingcore.org/libs/flags/flags/1x1/tz.svg]
[www.bookingcore.org/libs/flags/flags/4x3/ua.svg]
[www.bookingcore.org/libs/flags/flags/1x1/ua.svg]
[www.bookingcore.org/libs/flags/flags/4x3/ug.svg]
[www.bookingcore.org/libs/flags/flags/1x1/ug.svg]
[www.bookingcore.org/libs/flags/flags/4x3/um.svg]
[www.bookingcore.org/libs/flags/flags/1x1/um.svg]
[www.bookingcore.org/libs/flags/flags/4x3/us.svg]
[www.bookingcore.org/libs/flags/flags/1x1/us.svg]
[www.bookingcore.org/libs/flags/flags/4x3/uy.svg]
[www.bookingcore.org/libs/flags/flags/1x1/uy.svg]
[www.bookingcore.org/libs/flags/flags/4x3/uz.svg]
[www.bookingcore.org/libs/flags/flags/1x1/uz.svg]
[www.bookingcore.org/libs/flags/flags/4x3/va.svg]
[www.bookingcore.org/libs/flags/flags/1x1/va.svg]
[www.bookingcore.org/libs/flags/flags/4x3/vc.svg]
[www.bookingcore.org/libs/flags/flags/1x1/vc.svg]
[www.bookingcore.org/libs/flags/flags/4x3/ve.svg]
[www.bookingcore.org/libs/flags/flags/1x1/ve.svg]
[www.bookingcore.org/libs/flags/flags/4x3/vg.svg]
[www.bookingcore.org/libs/flags/flags/1x1/vg.svg]
[www.bookingcore.org/libs/flags/flags/4x3/vi.svg]
[www.bookingcore.org/libs/flags/flags/1x1/vi.svg]
[www.bookingcore.org/libs/flags/flags/4x3/vn.svg]
[www.bookingcore.org/libs/flags/flags/1x1/vn.svg]
[www.bookingcore.org/libs/flags/flags/4x3/vu.svg]
[www.bookingcore.org/libs/flags/flags/1x1/vu.svg]
[www.bookingcore.org/libs/flags/flags/4x3/wf.svg]
[www.bookingcore.org/libs/flags/flags/1x1/wf.svg]
[www.bookingcore.org/libs/flags/flags/4x3/ws.svg]
[www.bookingcore.org/libs/flags/flags/1x1/ws.svg]
[www.bookingcore.org/libs/flags/flags/4x3/ye.svg]
[www.bookingcore.org/libs/flags/flags/1x1/ye.svg]
[www.bookingcore.org/libs/flags/flags/4x3/yt.svg]
[www.bookingcore.org/libs/flags/flags/1x1/yt.svg]
[www.bookingcore.org/libs/flags/flags/4x3/za.svg]
[www.bookingcore.org/libs/flags/flags/1x1/za.svg]
[www.bookingcore.org/libs/flags/flags/4x3/zm.svg]
[www.bookingcore.org/libs/flags/flags/1x1/zm.svg]
[www.bookingcore.org/libs/flags/flags/4x3/zw.svg]
[www.bookingcore.org/libs/flags/flags/1x1/zw.svg]
[www.bookingcore.org/libs/flags/flags/4x3/es-ct.svg]
[www.bookingcore.org/libs/flags/flags/1x1/es-ct.svg]
[www.bookingcore.org/libs/flags/flags/4x3/eu.svg]
[www.bookingcore.org/libs/flags/flags/1x1/eu.svg]
[www.bookingcore.org/libs/flags/flags/4x3/gb-eng.svg]
[www.bookingcore.org/libs/flags/flags/1x1/gb-eng.svg]
[www.bookingcore.org/libs/flags/flags/4x3/gb-nir.svg]
[www.bookingcore.org/libs/flags/flags/1x1/gb-nir.svg]
[www.bookingcore.org/libs/flags/flags/4x3/gb-sct.svg]
[www.bookingcore.org/libs/flags/flags/1x1/gb-sct.svg]
[www.bookingcore.org/libs/flags/flags/4x3/gb-wls.svg]
[www.bookingcore.org/libs/flags/flags/1x1/gb-wls.svg]
[www.bookingcore.org/libs/flags/flags/4x3/un.svg]
[www.bookingcore.org/libs/flags/flags/1x1/un.svg]
[www.bookingcore.org/libs/flags/flags/4x3/xk.svg]
[www.bookingcore.org/libs/flags/css/flag-icon.min.css]
[www.bookingcore.org/libs/font-awesome/fonts/fontawesome-webfont3e6e.svg]
[www.bookingcore.org/libs/ionicons/fonts/ionicons9a08.svg]
[www.bookingcore.org/images/passenger7e8a.svg]
[www.bookingcore.org/images/baggagee044.svg]
[www.bookingcore.org/images/doorf8b8.svg]
[www.bookingcore.org/images/gear2b8f.svg]
[www.bookingcore.org/libs/flags/flags/1x1/xk.svg]
[www.bookingcore.org/en/page/hotel.html]
[www.bookingcore.org/uploads/demo/hotel/hotel-icon-1.svg]
[www.bookingcore.org/uploads/demo/hotel/hotel-icon-2.svg]
[www.bookingcore.org/uploads/demo/hotel/hotel-icon-3.svg]
[www.bookingcore.org/hotel/the-may-fair-hotel.html]
[www.bookingcore.org/uploads/demo/space/space-2.jpg]
[www.bookingcore.org/hotel/dylan-hotel.html]
[www.bookingcore.org/uploads/demo/space/space-12.jpg]
[www.bookingcore.org/uploads/demo/hotel/hotel-featured-1.jpg]
[www.bookingcore.org/hotel/stewart-hotel.html]
[www.bookingcore.org/hotel/crowne-plaza-hotel.html]
[www.bookingcore.org/hotel98d8.html]
[www.bookingcore.org/uploads/demo/general/ico_piggy-bank_1.svg]
[www.bookingcore.org/uploads/demo/general/ico_friendship_1.svg]
[www.bookingcore.org/uploads/demo/general/ico_chat_1.svg]
[www.bookingcore.org/hotel/studio-allston-hotel.html]
[www.bookingcore.org/hotel/envision-hotel-biston.html]
[www.bookingcore.org/uploads/demo/tour/tour-16.jpg]
[www.bookingcore.org/uploads/demo/tour/banner-detail/banner-tour-16.jpg]
[www.bookingcore.org/tour/river-cruise-tour-on-the-seine.html]
[www.bookingcore.org/tour/river-cruise-tour-on-the-seine4658.html]
[www.bookingcore.org/uploads/demo/tour/tour-15.jpg]
[www.bookingcore.org/uploads/demo/tour/banner-detail/banner-tour-15.jpg]
[www.bookingcore.org/tour/cannes-and-antibes-night-tour.html]
[www.bookingcore.org/uploads/demo/tour/tour-14.jpg]
[www.bookingcore.org/uploads/demo/tour/banner-detail/banner-tour-14.jpg]
[www.bookingcore.org/tour/san-francisco-express.html]
[www.bookingcore.org/uploads/demo/tour/tour-13.jpg]
[www.bookingcore.org/uploads/demo/tour/banner-detail/banner-tour-13.jpg]
[www.bookingcore.org/tour/hollywood-sign-small-group-tour-in-luxury-van.html]
[www.bookingcore.org/uploads/demo/tour/tour-12.jpg]
[www.bookingcore.org/uploads/demo/tour/banner-detail/banner-tour-12.jpg]
[www.bookingcore.org/tour/segway-tour-of-washington-dc-highlights.html]
[www.bookingcore.org/uploads/demo/tour/tour-7.jpg]
[www.bookingcore.org/uploads/demo/tour/banner-detail/banner-tour-7.jpg]
[www.bookingcore.org/tour/eastern-discovery.html]
[www.bookingcore.org/uploads/demo/tour/tour-8.jpg]
[www.bookingcore.org/uploads/demo/tour/banner-detail/banner-tour-8.jpg]
[www.bookingcore.org/tour/pure-luxe-in-punta-mita.html]
[www.bookingcore.org/en/page/space.html]
[www.bookingcore.org/uploads/demo/space/space-1.jpg]
[www.bookingcore.org/space/luxury-studio.html]
[www.bookingcore.org/space/luxury-apartment.html]
[www.bookingcore.org/uploads/demo/space/space-3.jpg]
[www.bookingcore.org/space/beautiful-loft.html]
[www.bookingcore.org/uploads/demo/space/space-4.jpg]
[www.bookingcore.org/space/best-of-west-village.html]
[www.bookingcore.org/space/duplex-greenwich.html]
[www.bookingcore.org/space80a3.html]
[www.bookingcore.org/space9be9.html]
[www.bookingcore.org/spacec9b9.html]
[www.bookingcore.org/space3397.html]
[www.bookingcore.org/spaced3b2.html]
[www.bookingcore.org/space7437.html]
[www.bookingcore.org/spacea366.html]
[www.bookingcore.org/space1b5b.html]
[www.bookingcore.org/space8114.html]
[www.bookingcore.org/space534d.html]
[www.bookingcore.org/spacea8e8.html]
[www.bookingcore.org/spacebdbb.html]
[www.bookingcore.org/space98d8.html]
[www.bookingcore.org/en/page/car.html]
[www.bookingcore.org/car5bc5.html]
[www.bookingcore.org/carbdde.html]
[www.bookingcore.org/car456c.html]
[www.bookingcore.org/car6160.html]
[www.bookingcore.org/car3a28.html]
[www.bookingcore.org/car/2019-honda-clarityt.html]
[www.bookingcore.org/car9e41.html]
[www.bookingcore.org/car92ad.html]
[www.bookingcore.org/car3c4f.html]
[www.bookingcore.org/car2306.html]
[www.bookingcore.org/car17e4.html]
[www.bookingcore.org/care5ae.html]
[www.bookingcore.org/car213e.html]
[www.bookingcore.org/car179a.html]
[www.bookingcore.org/car11ab.html]
[www.bookingcore.org/carb5a7.html]
[www.bookingcore.org/carabfd.html]
[www.bookingcore.org/cara724.html]
[www.bookingcore.org/uploads/demo/car/number-1.svg]
[www.bookingcore.org/uploads/demo/car/number-2.svg]
[www.bookingcore.org/uploads/demo/car/number-3.svg]
[www.bookingcore.org/car98d8.html]
[www.bookingcore.org/images/ico_pre39cc.svg]
[www.bookingcore.org/images/ico_next8e8e.svg]
[www.bookingcore.org/module/hotel/css/hoteld27d.css]
[www.bookingcore.org/libs/ion_rangeslider/css/ion.rangeSlider.min.css]
[www.bookingcore.org/images/ico_full_32753.svg]
[www.bookingcore.org/hotel4658.html]
[www.bookingcore.org/hotel2679.html]
[www.bookingcore.org/libs/fotorama/fotorama.png]
[www.bookingcore.org/libs/fotorama/fotorama@2x.png]
[www.bookingcore.org/libs/fotorama/fotorama.css]
[www.bookingcore.org/module/user/css/profile067a.css]
[www.bookingcore.org/icon/success.svg]
[www.bookingcore.org/en/profile/1/services1779.html]
[www.bookingcore.org/en/profile/1/services7125.html]
[www.bookingcore.org/en/profile/1/services845e.html]
[www.bookingcore.org/en/profile/1.html]
[www.bookingcore.org/icon/ico-vefified-1.svg]
[www.bookingcore.org/module/tour/css/tourd27d.css]
[www.bookingcore.org/en/profile/1/reviews.html]
[www.bookingcore.org/uploads/demo/tour/tour-11.jpg]
[www.bookingcore.org/uploads/demo/tour/banner-detail/banner-tour-11.jpg]
[www.bookingcore.org/tour/trip-of-new-york-discover-america.html]
[www.bookingcore.org/uploads/demo/tour/tour-10.jpg]
[www.bookingcore.org/uploads/demo/tour/banner-detail/banner-tour-10.jpg]
[www.bookingcore.org/tour/giverny-and-versailles-small-group-day-trip.html]
[www.bookingcore.org/uploads/demo/tour/tour-9.jpg]
[www.bookingcore.org/uploads/demo/tour/banner-detail/banner-tour-9.jpg]
[www.bookingcore.org/tour/tastes-and-sounds-of-the-south-2019.html]
[www.bookingcore.org/tour4658.html]
[www.bookingcore.org/module/space/css/spaced27d.css]
[www.bookingcore.org/tour2679.html]
[www.bookingcore.org/space/east-village.html]
[www.bookingcore.org/space/the-meatpacking-suites.html]
[www.bookingcore.org/space4658.html]
[www.bookingcore.org/space2679.html]
[www.bookingcore.org/icon/x.svg]
[www.bookingcore.org/en/profile/6/services7125.html]
[www.bookingcore.org/en/profile/6/services845e.html]
[www.bookingcore.org/en/profile/6.html]
[www.bookingcore.org/icon/ico-not-vefified-1.svg]
[www.bookingcore.org/module/car/css/card27d.css]
[www.bookingcore.org/en/profile/6/reviews.html]
[www.bookingcore.org/uploads/demo/car/car-4.jpg]
[www.bookingcore.org/car/2019-audi-s3.html]
[www.bookingcore.org/car4658.html]
[www.bookingcore.org/uploads/demo/car/feature/Airbag.svg]
[www.bookingcore.org/uploads/demo/car/feature/Radio.svg]
[www.bookingcore.org/uploads/demo/car/feature/Windows.svg]
[www.bookingcore.org/uploads/demo/car/feature/Sensor.svg]
[www.bookingcore.org/uploads/demo/car/feature/Speed.svg]
[www.bookingcore.org/uploads/demo/car/feature/Steering.svg]
[www.bookingcore.org/car2679.html]
[www.bookingcore.org/en/profile/5/services1779.html]
[www.bookingcore.org/en/profile/5/services7125.html]
[www.bookingcore.org/en/profile/5/services845e.html]
[www.bookingcore.org/en/profile/5.html]
[www.bookingcore.org/en/profile/5/reviews.html]
[www.bookingcore.org/uploads/demo/car/car-1.jpg]
[www.bookingcore.org/car/bmw-x6-facelift.html]
[www.bookingcore.org/uploads/demo/car/car-2.jpg]
[www.bookingcore.org/car/2019-honda-clarityt-1.html]
[www.bookingcore.org/uploads/demo/car/car-3.jpg]
[www.bookingcore.org/car/2019-bmw-m6-gran-coupe.html]
[www.bookingcore.org/images/search.png]
[www.bookingcore.org/module/news/css/newsd27d.css]
[www.bookingcore.org/css/appd27d.css]
[www.bookingcore.org/en/news.html]
[www.bookingcore.org/en/news4658.html]
[www.bookingcore.org/uploads/demo/news/news-7.jpg]
[www.bookingcore.org/news/america-national-parks-with-denver.html]
[www.bookingcore.org/news4658.html]
[www.bookingcore.org/news2679.html]
[www.bookingcore.org/en/news/category/sea-travel.html]
[www.bookingcore.org/en/news/category/city-trips.html]
[www.bookingcore.org/en/news/category/escorted-tour.html]
[www.bookingcore.org/en/page/become-a-vendor.html]
[www.bookingcore.org/module/vendor/css/vendor-registerd27d.html]
[www.bookingcore.org/module/vendor/img/ico-play.svg]
[www.bookingcore.org/css/contactd27d.css]
[www.bookingcore.org/hotel/castello-casole-hotel4658.html]
[www.bookingcore.org/hotel/castello-casole-hotel2679.html]
[www.bookingcore.org/en/profile/4/services1779.html]
[www.bookingcore.org/en/profile/4/services7125.html]
[www.bookingcore.org/en/profile/4/services845e.html]
[www.bookingcore.org/en/profile/4.html]
[www.bookingcore.org/libs/flags/flags/4x3/ad.svg]
[www.bookingcore.org/libs/flags/flags/1x1/ad.svg]
[www.bookingcore.org/libs/flags/flags/4x3/ae.svg]
[www.bookingcore.org/libs/flags/flags/1x1/ae.svg]
[www.bookingcore.org/libs/flags/flags/4x3/af.svg]
[www.bookingcore.org/libs/flags/flags/1x1/af.svg]
[www.bookingcore.org/libs/flags/flags/4x3/ag.svg]
[www.bookingcore.org/libs/flags/flags/1x1/ag.svg]
[www.bookingcore.org/libs/flags/flags/4x3/ai.svg]
[www.bookingcore.org/libs/flags/flags/1x1/ai.svg]
[www.bookingcore.org/libs/flags/flags/4x3/al.svg]
[www.bookingcore.org/libs/flags/flags/1x1/al.svg]
[www.bookingcore.org/libs/flags/flags/4x3/am.svg]
[www.bookingcore.org/libs/flags/flags/1x1/am.svg]
[www.bookingcore.org/libs/flags/flags/4x3/ao.svg]
[www.bookingcore.org/libs/flags/flags/1x1/ao.svg]
[www.bookingcore.org/libs/flags/flags/4x3/aq.svg]
[www.bookingcore.org/libs/flags/flags/1x1/aq.svg]
[www.bookingcore.org/libs/flags/flags/4x3/ar.svg]
[www.bookingcore.org/libs/flags/flags/1x1/ar.svg]
[www.bookingcore.org/libs/flags/flags/4x3/as.svg]
[www.bookingcore.org/libs/flags/flags/1x1/as.svg]
[www.bookingcore.org/libs/flags/flags/4x3/at.svg]
[www.bookingcore.org/libs/flags/flags/1x1/at.svg]
[www.bookingcore.org/libs/flags/flags/4x3/au.svg]
[www.bookingcore.org/libs/flags/flags/1x1/au.svg]
[www.bookingcore.org/libs/flags/flags/4x3/aw.svg]
[www.bookingcore.org/libs/flags/flags/1x1/aw.svg]
[www.bookingcore.org/libs/flags/flags/4x3/ax.svg]
[www.bookingcore.org/libs/flags/flags/1x1/ax.svg]
[www.bookingcore.org/libs/flags/flags/4x3/az.svg]
[www.bookingcore.org/libs/flags/flags/1x1/az.svg]
[www.bookingcore.org/libs/flags/flags/4x3/ba.svg]
[www.bookingcore.org/libs/flags/flags/1x1/ba.svg]
[www.bookingcore.org/libs/flags/flags/4x3/bb.svg]
[www.bookingcore.org/libs/flags/flags/1x1/bb.svg]
[www.bookingcore.org/libs/flags/flags/4x3/bd.svg]
[www.bookingcore.org/libs/flags/flags/1x1/bd.svg]
[www.bookingcore.org/libs/flags/flags/4x3/be.svg]
[www.bookingcore.org/libs/flags/flags/1x1/be.svg]
[www.bookingcore.org/libs/flags/flags/4x3/bf.svg]
[www.bookingcore.org/libs/flags/flags/1x1/bf.svg]
[www.bookingcore.org/libs/flags/flags/4x3/bg.svg]
[www.bookingcore.org/libs/flags/flags/1x1/bg.svg]
[www.bookingcore.org/libs/flags/flags/4x3/bh.svg]
[www.bookingcore.org/libs/flags/flags/1x1/bh.svg]
[www.bookingcore.org/libs/flags/flags/4x3/bi.svg]
[www.bookingcore.org/libs/flags/flags/1x1/bi.svg]
[www.bookingcore.org/libs/flags/flags/4x3/bj.svg]
[www.bookingcore.org/libs/flags/flags/1x1/bj.svg]
[www.bookingcore.org/libs/flags/flags/4x3/bl.svg]
[www.bookingcore.org/libs/flags/flags/1x1/bl.svg]
[www.bookingcore.org/libs/flags/flags/4x3/bm.svg]
[www.bookingcore.org/libs/flags/flags/1x1/bm.svg]
[www.bookingcore.org/libs/flags/flags/4x3/bn.svg]
[www.bookingcore.org/libs/flags/flags/1x1/bn.svg]
[www.bookingcore.org/libs/flags/flags/4x3/bo.svg]
[www.bookingcore.org/libs/flags/flags/1x1/bo.svg]
[www.bookingcore.org/libs/flags/flags/4x3/bq.svg]
[www.bookingcore.org/libs/flags/flags/1x1/bq.svg]
[www.bookingcore.org/libs/flags/flags/4x3/br.svg]
[www.bookingcore.org/libs/flags/flags/1x1/br.svg]
[www.bookingcore.org/libs/flags/flags/4x3/bs.svg]
[www.bookingcore.org/libs/flags/flags/1x1/bs.svg]
[www.bookingcore.org/libs/flags/flags/4x3/bt.svg]
[www.bookingcore.org/libs/flags/flags/1x1/bt.svg]
[www.bookingcore.org/libs/flags/flags/4x3/bv.svg]
[www.bookingcore.org/libs/flags/flags/1x1/bv.svg]
[www.bookingcore.org/libs/flags/flags/4x3/bw.svg]
[www.bookingcore.org/libs/flags/flags/1x1/bw.svg]
[www.bookingcore.org/libs/flags/flags/4x3/by.svg]
[www.bookingcore.org/libs/flags/flags/1x1/by.svg]
[www.bookingcore.org/libs/flags/flags/4x3/bz.svg]
[www.bookingcore.org/libs/flags/flags/1x1/bz.svg]
[www.bookingcore.org/libs/flags/flags/4x3/ca.svg]
[www.bookingcore.org/libs/flags/flags/1x1/ca.svg]
[www.bookingcore.org/libs/flags/flags/4x3/cc.svg]
[www.bookingcore.org/libs/flags/flags/1x1/cc.svg]
[www.bookingcore.org/libs/flags/flags/4x3/cd.svg]
[www.bookingcore.org/libs/flags/flags/1x1/cd.svg]
[www.bookingcore.org/libs/flags/flags/4x3/cf.svg]
[www.bookingcore.org/libs/flags/flags/1x1/cf.svg]
[www.bookingcore.org/libs/flags/flags/4x3/cg.svg]
[www.bookingcore.org/libs/flags/flags/1x1/cg.svg]
[www.bookingcore.org/libs/flags/flags/4x3/ch.svg]
[www.bookingcore.org/libs/flags/flags/1x1/ch.svg]
[www.bookingcore.org/libs/flags/flags/4x3/ci.svg]
[www.bookingcore.org/libs/flags/flags/1x1/ci.svg]
[www.bookingcore.org/libs/flags/flags/4x3/ck.svg]
[www.bookingcore.org/libs/flags/flags/1x1/ck.svg]
[www.bookingcore.org/libs/flags/flags/4x3/cl.svg]
[www.bookingcore.org/libs/flags/flags/1x1/cl.svg]
[www.bookingcore.org/libs/flags/flags/4x3/cm.svg]
[www.bookingcore.org/libs/flags/flags/1x1/cm.svg]
[www.bookingcore.org/libs/flags/flags/4x3/cn.svg]
[www.bookingcore.org/libs/flags/flags/1x1/cn.svg]
[www.bookingcore.org/libs/flags/flags/4x3/co.svg]
[www.bookingcore.org/libs/flags/flags/1x1/co.svg]
[www.bookingcore.org/libs/flags/flags/4x3/cr.svg]
[www.bookingcore.org/libs/flags/flags/1x1/cr.svg]
[www.bookingcore.org/libs/flags/flags/4x3/cu.svg]
[www.bookingcore.org/libs/flags/flags/1x1/cu.svg]
[www.bookingcore.org/libs/flags/flags/4x3/cv.svg]
[www.bookingcore.org/libs/flags/flags/1x1/cv.svg]
[www.bookingcore.org/libs/flags/flags/4x3/cw.svg]
[www.bookingcore.org/libs/flags/flags/1x1/cw.svg]
[www.bookingcore.org/libs/flags/flags/4x3/cx.svg]
[www.bookingcore.org/libs/flags/flags/1x1/cx.svg]
[www.bookingcore.org/libs/flags/flags/4x3/cy.svg]
[www.bookingcore.org/libs/flags/flags/1x1/cy.svg]
[www.bookingcore.org/libs/flags/flags/4x3/cz.svg]
[www.bookingcore.org/libs/flags/flags/1x1/cz.svg]
[www.bookingcore.org/libs/flags/flags/4x3/de.svg]
[www.bookingcore.org/libs/flags/flags/1x1/de.svg]
[www.bookingcore.org/libs/flags/flags/4x3/dj.svg]
[www.bookingcore.org/libs/flags/flags/1x1/dj.svg]
[www.bookingcore.org/libs/flags/flags/4x3/dk.svg]
[www.bookingcore.org/libs/flags/flags/1x1/dk.svg]
[www.bookingcore.org/libs/flags/flags/4x3/dm.svg]
[www.bookingcore.org/libs/flags/flags/1x1/dm.svg]
[www.bookingcore.org/libs/flags/flags/4x3/do.svg]
[www.bookingcore.org/en/profile/4/reviews.html]
[www.bookingcore.org/libs/flags/flags/1x1/do.svg]
[www.bookingcore.org/libs/flags/flags/4x3/dz.svg]
[www.bookingcore.org/libs/flags/flags/1x1/dz.svg]
[www.bookingcore.org/libs/flags/flags/4x3/ec.svg]
[www.bookingcore.org/libs/flags/flags/1x1/ec.svg]
[www.bookingcore.org/libs/flags/flags/4x3/ee.svg]
[www.bookingcore.org/libs/flags/flags/1x1/ee.svg]
[www.bookingcore.org/libs/flags/flags/4x3/eg.svg]
[www.bookingcore.org/libs/flags/flags/1x1/eg.svg]
[www.bookingcore.org/libs/flags/flags/4x3/eh.svg]
[www.bookingcore.org/libs/flags/flags/1x1/eh.svg]
[www.bookingcore.org/libs/flags/flags/4x3/er.svg]
[www.bookingcore.org/libs/flags/flags/1x1/er.svg]
[www.bookingcore.org/libs/flags/flags/4x3/es.svg]
[www.bookingcore.org/libs/flags/flags/1x1/es.svg]
[www.bookingcore.org/libs/flags/flags/4x3/et.svg]
[www.bookingcore.org/libs/flags/flags/1x1/et.svg]
[www.bookingcore.org/libs/flags/flags/4x3/fi.svg]
[www.bookingcore.org/libs/flags/flags/1x1/fi.svg]
[www.bookingcore.org/libs/flags/flags/4x3/fj.svg]
[www.bookingcore.org/libs/flags/flags/1x1/fj.svg]
[www.bookingcore.org/libs/flags/flags/4x3/fk.svg]
[www.bookingcore.org/libs/flags/flags/1x1/fk.svg]
[www.bookingcore.org/libs/flags/flags/4x3/fm.svg]
[www.bookingcore.org/libs/flags/flags/1x1/fm.svg]
[www.bookingcore.org/libs/flags/flags/4x3/fo.svg]
[www.bookingcore.org/libs/flags/flags/1x1/fo.svg]
[www.bookingcore.org/libs/flags/flags/4x3/fr.svg]
[www.bookingcore.org/libs/flags/flags/1x1/fr.svg]
[www.bookingcore.org/libs/flags/flags/4x3/ga.svg]
[www.bookingcore.org/libs/flags/flags/1x1/ga.svg]
[www.bookingcore.org/libs/flags/flags/4x3/gb.svg]
[www.bookingcore.org/libs/flags/flags/1x1/gb.svg]
[www.bookingcore.org/libs/flags/flags/4x3/gd.svg]
[www.bookingcore.org/libs/flags/flags/1x1/gd.svg]
[www.bookingcore.org/libs/flags/flags/4x3/ge.svg]
[www.bookingcore.org/libs/flags/flags/1x1/ge.svg]
[www.bookingcore.org/libs/flags/flags/4x3/gf.svg]
[www.bookingcore.org/libs/flags/flags/1x1/gf.svg]
[www.bookingcore.org/libs/flags/flags/4x3/gg.svg]
[www.bookingcore.org/libs/flags/flags/1x1/gg.svg]
[www.bookingcore.org/libs/flags/flags/4x3/gh.svg]
[www.bookingcore.org/libs/flags/flags/1x1/gh.svg]
[www.bookingcore.org/libs/flags/flags/4x3/gi.svg]
[www.bookingcore.org/libs/flags/flags/1x1/gi.svg]
[www.bookingcore.org/libs/flags/flags/4x3/gl.svg]
[www.bookingcore.org/libs/flags/flags/1x1/gl.svg]
[www.bookingcore.org/libs/flags/flags/4x3/gm.svg]
[www.bookingcore.org/libs/flags/flags/1x1/gm.svg]
[www.bookingcore.org/libs/flags/flags/4x3/gn.svg]
[www.bookingcore.org/libs/flags/flags/1x1/gn.svg]
[www.bookingcore.org/libs/flags/flags/4x3/gp.svg]
[www.bookingcore.org/libs/flags/flags/1x1/gp.svg]
[www.bookingcore.org/libs/flags/flags/4x3/gq.svg]
[www.bookingcore.org/libs/flags/flags/1x1/gq.svg]
[www.bookingcore.org/libs/flags/flags/4x3/gr.svg]
[www.bookingcore.org/libs/flags/flags/1x1/gr.svg]
[www.bookingcore.org/libs/flags/flags/4x3/gs.svg]
[www.bookingcore.org/libs/flags/flags/1x1/gs.svg]
[www.bookingcore.org/libs/flags/flags/4x3/gt.svg]
[www.bookingcore.org/libs/flags/flags/1x1/gt.svg]
[www.bookingcore.org/libs/flags/flags/4x3/gu.svg]
[www.bookingcore.org/libs/flags/flags/1x1/gu.svg]
[www.bookingcore.org/libs/flags/flags/4x3/gw.svg]
[www.bookingcore.org/libs/flags/flags/1x1/gw.svg]
[www.bookingcore.org/libs/flags/flags/4x3/gy.svg]
[www.bookingcore.org/libs/flags/flags/1x1/gy.svg]
[www.bookingcore.org/libs/flags/flags/4x3/hk.svg]
[www.bookingcore.org/libs/flags/flags/1x1/hk.svg]
[www.bookingcore.org/libs/flags/flags/4x3/hm.svg]
[www.bookingcore.org/libs/flags/flags/1x1/hm.svg]
[www.bookingcore.org/libs/flags/flags/4x3/hn.svg]
[www.bookingcore.org/libs/flags/flags/1x1/hn.svg]
[www.bookingcore.org/libs/flags/flags/4x3/hr.svg]
[www.bookingcore.org/libs/flags/flags/1x1/hr.svg]
[www.bookingcore.org/libs/flags/flags/4x3/ht.svg]
[www.bookingcore.org/libs/flags/flags/1x1/ht.svg]
[www.bookingcore.org/libs/flags/flags/4x3/hu.svg]
[www.bookingcore.org/libs/flags/flags/1x1/hu.svg]
[www.bookingcore.org/libs/flags/flags/4x3/id.svg]
[www.bookingcore.org/libs/flags/flags/1x1/id.svg]
[www.bookingcore.org/libs/flags/flags/4x3/ie.svg]
[www.bookingcore.org/libs/flags/flags/1x1/ie.svg]
[www.bookingcore.org/libs/flags/flags/4x3/il.svg]
[www.bookingcore.org/libs/flags/flags/1x1/il.svg]
[www.bookingcore.org/libs/flags/flags/4x3/im.svg]
[www.bookingcore.org/libs/flags/flags/1x1/im.svg]
[www.bookingcore.org/libs/flags/flags/4x3/in.svg]
[www.bookingcore.org/libs/flags/flags/1x1/in.svg]
[www.bookingcore.org/libs/flags/flags/4x3/io.svg]
[www.bookingcore.org/libs/flags/flags/1x1/io.svg]
[www.bookingcore.org/libs/flags/flags/4x3/iq.svg]
[www.bookingcore.org/libs/flags/flags/1x1/iq.svg]
[www.bookingcore.org/libs/flags/flags/4x3/ir.svg]
[www.bookingcore.org/libs/flags/flags/1x1/ir.svg]
[www.bookingcore.org/libs/flags/flags/4x3/is.svg]
[www.bookingcore.org/libs/flags/flags/1x1/is.svg]
[www.bookingcore.org/libs/flags/flags/4x3/it.svg]
[www.bookingcore.org/libs/flags/flags/1x1/it.svg]
[www.bookingcore.org/libs/flags/flags/4x3/je.svg]
[www.bookingcore.org/libs/flags/flags/1x1/je.svg]
[www.bookingcore.org/libs/flags/flags/4x3/jm.svg]
[www.bookingcore.org/libs/flags/flags/1x1/jm.svg]
[www.bookingcore.org/libs/flags/flags/4x3/jo.svg]
[www.bookingcore.org/libs/flags/flags/1x1/jo.svg]
[www.bookingcore.org/libs/flags/flags/4x3/jp.svg]
[www.bookingcore.org/libs/flags/flags/1x1/jp.svg]
[www.bookingcore.org/libs/flags/flags/4x3/ke.svg]
[www.bookingcore.org/libs/flags/flags/1x1/ke.svg]
[www.bookingcore.org/libs/flags/flags/4x3/kg.svg]
[www.bookingcore.org/libs/flags/flags/1x1/kg.svg]
[www.bookingcore.org/libs/flags/flags/4x3/kh.svg]
[www.bookingcore.org/libs/flags/flags/1x1/kh.svg]
[www.bookingcore.org/libs/flags/flags/4x3/ki.svg]
[www.bookingcore.org/libs/flags/flags/1x1/ki.svg]
[www.bookingcore.org/libs/flags/flags/4x3/km.svg]
[www.bookingcore.org/libs/flags/flags/1x1/km.svg]
[www.bookingcore.org/libs/flags/flags/4x3/kn.svg]
[www.bookingcore.org/libs/flags/flags/1x1/kn.svg]
[www.bookingcore.org/libs/flags/flags/4x3/kp.svg]
[www.bookingcore.org/libs/flags/flags/1x1/kp.svg]
[www.bookingcore.org/libs/flags/flags/4x3/kr.svg]
[www.bookingcore.org/libs/flags/flags/1x1/kr.svg]
[www.bookingcore.org/libs/flags/flags/4x3/kw.svg]
[www.bookingcore.org/libs/flags/flags/1x1/kw.svg]
[www.bookingcore.org/libs/flags/flags/4x3/ky.svg]
[www.bookingcore.org/libs/flags/flags/1x1/ky.svg]
[www.bookingcore.org/libs/flags/flags/4x3/kz.svg]
[www.bookingcore.org/libs/flags/flags/1x1/kz.svg]
[www.bookingcore.org/libs/flags/flags/4x3/la.svg]
[www.bookingcore.org/libs/flags/flags/1x1/la.svg]
[www.bookingcore.org/libs/flags/flags/4x3/lb.svg]
[www.bookingcore.org/libs/flags/flags/1x1/lb.svg]
[www.bookingcore.org/libs/flags/flags/4x3/lc.svg]
[www.bookingcore.org/libs/flags/flags/1x1/lc.svg]
[www.bookingcore.org/libs/flags/flags/4x3/li.svg]
[www.bookingcore.org/libs/flags/flags/1x1/li.svg]
[www.bookingcore.org/libs/flags/flags/4x3/lk.svg]
[www.bookingcore.org/libs/flags/flags/1x1/lk.svg]
[www.bookingcore.org/libs/flags/flags/4x3/lr.svg]
[www.bookingcore.org/libs/flags/flags/1x1/lr.svg]
[www.bookingcore.org/libs/flags/flags/4x3/ls.svg]
[www.bookingcore.org/libs/flags/flags/1x1/ls.svg]
[www.bookingcore.org/libs/flags/flags/4x3/lt.svg]
[www.bookingcore.org/libs/flags/flags/1x1/lt.svg]
[www.bookingcore.org/libs/flags/flags/4x3/lu.svg]
[www.bookingcore.org/libs/flags/flags/1x1/lu.svg]
[www.bookingcore.org/libs/flags/flags/4x3/lv.svg]
[www.bookingcore.org/libs/flags/flags/1x1/lv.svg]
[www.bookingcore.org/libs/flags/flags/4x3/ly.svg]
[www.bookingcore.org/libs/flags/flags/1x1/ly.svg]
[www.bookingcore.org/libs/flags/flags/4x3/ma.svg]
[www.bookingcore.org/libs/flags/flags/1x1/ma.svg]
[www.bookingcore.org/libs/flags/flags/4x3/mc.svg]
[www.bookingcore.org/libs/flags/flags/1x1/mc.svg]
[www.bookingcore.org/libs/flags/flags/4x3/md.svg]
[www.bookingcore.org/libs/flags/flags/1x1/md.svg]
[www.bookingcore.org/libs/flags/flags/4x3/me.svg]
[www.bookingcore.org/libs/flags/flags/1x1/me.svg]
[www.bookingcore.org/libs/flags/flags/4x3/mf.svg]
[www.bookingcore.org/libs/flags/flags/1x1/mf.svg]
[www.bookingcore.org/libs/flags/flags/4x3/mg.svg]
[www.bookingcore.org/libs/flags/flags/1x1/mg.svg]
[www.bookingcore.org/libs/flags/flags/4x3/mh.svg]
[www.bookingcore.org/libs/flags/flags/1x1/mh.svg]
[www.bookingcore.org/libs/flags/flags/4x3/mk.svg]
[www.bookingcore.org/libs/flags/flags/1x1/mk.svg]
[www.bookingcore.org/libs/flags/flags/4x3/ml.svg]
[www.bookingcore.org/libs/flags/flags/1x1/ml.svg]
[www.bookingcore.org/libs/flags/flags/4x3/mm.svg]
[www.bookingcore.org/libs/flags/flags/1x1/mm.svg]
[www.bookingcore.org/libs/flags/flags/4x3/mn.svg]
[www.bookingcore.org/libs/flags/flags/1x1/mn.svg]
[www.bookingcore.org/libs/flags/flags/4x3/mo.svg]
[www.bookingcore.org/libs/flags/flags/1x1/mo.svg]
[www.bookingcore.org/libs/flags/flags/4x3/mp.svg]
[www.bookingcore.org/libs/flags/flags/1x1/mp.svg]
[www.bookingcore.org/libs/flags/flags/4x3/mq.svg]
[www.bookingcore.org/libs/flags/flags/1x1/mq.svg]
[www.bookingcore.org/libs/flags/flags/4x3/mr.svg]
[www.bookingcore.org/libs/flags/flags/1x1/mr.svg]
[www.bookingcore.org/libs/flags/flags/4x3/ms.svg]
[www.bookingcore.org/libs/flags/flags/1x1/ms.svg]
[www.bookingcore.org/libs/flags/flags/4x3/mt.svg]
[www.bookingcore.org/libs/flags/flags/1x1/mt.svg]
[www.bookingcore.org/libs/flags/flags/4x3/mu.svg]
[www.bookingcore.org/libs/flags/flags/1x1/mu.svg]
[www.bookingcore.org/libs/flags/flags/4x3/mv.svg]
[www.bookingcore.org/libs/flags/flags/1x1/mv.svg]
[www.bookingcore.org/libs/flags/flags/4x3/mw.svg]
[www.bookingcore.org/libs/flags/flags/1x1/mw.svg]
[www.bookingcore.org/libs/flags/flags/4x3/mx.svg]
[www.bookingcore.org/libs/flags/flags/1x1/mx.svg]
[www.bookingcore.org/libs/flags/flags/4x3/my.svg]
[www.bookingcore.org/libs/flags/flags/1x1/my.svg]
[www.bookingcore.org/libs/flags/flags/4x3/mz.svg]
[www.bookingcore.org/libs/flags/flags/1x1/mz.svg]
[www.bookingcore.org/libs/flags/flags/4x3/na.svg]
[www.bookingcore.org/libs/flags/flags/1x1/na.svg]
[www.bookingcore.org/libs/flags/flags/4x3/nc.svg]
[www.bookingcore.org/libs/flags/flags/1x1/nc.svg]
[www.bookingcore.org/libs/flags/flags/4x3/ne.svg]
[www.bookingcore.org/libs/flags/flags/1x1/ne.svg]
[www.bookingcore.org/libs/flags/flags/4x3/nf.svg]
[www.bookingcore.org/libs/flags/flags/1x1/nf.svg]
[www.bookingcore.org/libs/flags/flags/4x3/ng.svg]
[www.bookingcore.org/libs/flags/flags/1x1/ng.svg]
[www.bookingcore.org/libs/flags/flags/4x3/ni.svg]
[www.bookingcore.org/libs/flags/flags/1x1/ni.svg]
[www.bookingcore.org/libs/flags/flags/4x3/nl.svg]
[www.bookingcore.org/libs/flags/flags/1x1/nl.svg]
[www.bookingcore.org/libs/flags/flags/4x3/no.svg]
[www.bookingcore.org/libs/flags/flags/1x1/no.svg]
[www.bookingcore.org/libs/flags/flags/4x3/np.svg]
[www.bookingcore.org/libs/flags/flags/1x1/np.svg]
[www.bookingcore.org/libs/flags/flags/4x3/nr.svg]
[www.bookingcore.org/libs/flags/flags/1x1/nr.svg]
[www.bookingcore.org/libs/flags/flags/4x3/nu.svg]
[www.bookingcore.org/libs/flags/flags/1x1/nu.svg]
[www.bookingcore.org/libs/flags/flags/4x3/nz.svg]
[www.bookingcore.org/libs/flags/flags/1x1/nz.svg]
[www.bookingcore.org/libs/flags/flags/4x3/om.svg]
[www.bookingcore.org/libs/flags/flags/1x1/om.svg]
[www.bookingcore.org/libs/flags/flags/4x3/pa.svg]
[www.bookingcore.org/libs/flags/flags/1x1/pa.svg]
[www.bookingcore.org/libs/flags/flags/4x3/pe.svg]
[www.bookingcore.org/libs/flags/flags/1x1/pe.svg]
[www.bookingcore.org/libs/flags/flags/4x3/pf.svg]
[www.bookingcore.org/libs/flags/flags/1x1/pf.svg]
[www.bookingcore.org/libs/flags/flags/4x3/pg.svg]
[www.bookingcore.org/libs/flags/flags/1x1/pg.svg]
[www.bookingcore.org/libs/flags/flags/4x3/ph.svg]
[www.bookingcore.org/libs/flags/flags/1x1/ph.svg]
[www.bookingcore.org/libs/flags/flags/4x3/pk.svg]
[www.bookingcore.org/libs/flags/flags/1x1/pk.svg]
[www.bookingcore.org/libs/flags/flags/4x3/pl.svg]
[www.bookingcore.org/libs/flags/flags/1x1/pl.svg]
[www.bookingcore.org/libs/flags/flags/4x3/pm.svg]
[www.bookingcore.org/libs/flags/flags/1x1/pm.svg]
[www.bookingcore.org/libs/flags/flags/4x3/pn.svg]
[www.bookingcore.org/libs/flags/flags/1x1/pn.svg]
[www.bookingcore.org/libs/flags/flags/4x3/pr.svg]
[www.bookingcore.org/libs/flags/flags/1x1/pr.svg]
[www.bookingcore.org/libs/flags/flags/4x3/ps.svg]
[www.bookingcore.org/libs/flags/flags/1x1/ps.svg]
[www.bookingcore.org/libs/flags/flags/4x3/pt.svg]
[www.bookingcore.org/libs/flags/flags/1x1/pt.svg]
[www.bookingcore.org/libs/flags/flags/4x3/pw.svg]
[www.bookingcore.org/libs/flags/flags/1x1/pw.svg]
[www.bookingcore.org/libs/flags/flags/4x3/py.svg]
[www.bookingcore.org/libs/flags/flags/1x1/py.svg]
[www.bookingcore.org/libs/flags/flags/4x3/qa.svg]
[www.bookingcore.org/libs/flags/flags/1x1/qa.svg]
[www.bookingcore.org/libs/flags/flags/4x3/re.svg]
[www.bookingcore.org/libs/flags/flags/1x1/re.svg]
[www.bookingcore.org/libs/flags/flags/4x3/ro.svg]
[www.bookingcore.org/libs/flags/flags/1x1/ro.svg]
[www.bookingcore.org/libs/flags/flags/4x3/rs.svg]
[www.bookingcore.org/libs/flags/flags/1x1/rs.svg]
[www.bookingcore.org/libs/flags/flags/4x3/ru.svg]
[www.bookingcore.org/libs/flags/flags/1x1/ru.svg]
[www.bookingcore.org/libs/flags/flags/4x3/rw.svg]
[www.bookingcore.org/libs/flags/flags/1x1/rw.svg]
[www.bookingcore.org/libs/flags/flags/4x3/sa.svg]
[www.bookingcore.org/libs/flags/flags/1x1/sa.svg]
[www.bookingcore.org/libs/flags/flags/4x3/sb.svg]
[www.bookingcore.org/libs/flags/flags/1x1/sb.svg]
[www.bookingcore.org/libs/flags/flags/4x3/sc.svg]
[www.bookingcore.org/libs/flags/flags/1x1/sc.svg]
[www.bookingcore.org/libs/flags/flags/4x3/sd.svg]
[www.bookingcore.org/libs/flags/flags/1x1/sd.svg]
[www.bookingcore.org/libs/flags/flags/4x3/se.svg]
[www.bookingcore.org/libs/flags/flags/1x1/se.svg]
[www.bookingcore.org/libs/flags/flags/4x3/sg.svg]
[www.bookingcore.org/libs/flags/flags/1x1/sg.svg]
[www.bookingcore.org/libs/flags/flags/4x3/sh.svg]
[www.bookingcore.org/libs/flags/flags/1x1/sh.svg]
[www.bookingcore.org/libs/flags/flags/4x3/si.svg]
[www.bookingcore.org/libs/flags/flags/1x1/si.svg]
[www.bookingcore.org/libs/flags/flags/4x3/sj.svg]
[www.bookingcore.org/libs/flags/flags/1x1/sj.svg]
[www.bookingcore.org/libs/flags/flags/4x3/sk.svg]
[www.bookingcore.org/libs/flags/flags/1x1/sk.svg]
[www.bookingcore.org/libs/flags/flags/4x3/sl.svg]
[www.bookingcore.org/libs/flags/flags/1x1/sl.svg]
[www.bookingcore.org/libs/flags/flags/4x3/sm.svg]
[www.bookingcore.org/libs/flags/flags/1x1/sm.svg]
[www.bookingcore.org/libs/flags/flags/4x3/sn.svg]
[www.bookingcore.org/libs/flags/flags/1x1/sn.svg]
[www.bookingcore.org/libs/flags/flags/4x3/so.svg]
[www.bookingcore.org/libs/flags/flags/1x1/so.svg]
[www.bookingcore.org/libs/flags/flags/4x3/sr.svg]
[www.bookingcore.org/libs/flags/flags/1x1/sr.svg]
[www.bookingcore.org/libs/flags/flags/4x3/ss.svg]
[www.bookingcore.org/libs/flags/flags/1x1/ss.svg]
[www.bookingcore.org/libs/flags/flags/4x3/st.svg]
[www.bookingcore.org/libs/flags/flags/1x1/st.svg]
[www.bookingcore.org/libs/flags/flags/4x3/sv.svg]
[www.bookingcore.org/libs/flags/flags/1x1/sv.svg]
[www.bookingcore.org/libs/flags/flags/4x3/sx.svg]
[www.bookingcore.org/libs/flags/flags/1x1/sx.svg]
[www.bookingcore.org/libs/flags/flags/4x3/sy.svg]
[www.bookingcore.org/libs/flags/flags/1x1/sy.svg]
[www.bookingcore.org/libs/flags/flags/4x3/sz.svg]
[www.bookingcore.org/libs/flags/flags/1x1/sz.svg]
[www.bookingcore.org/libs/flags/flags/4x3/tc.svg]
[www.bookingcore.org/libs/flags/flags/1x1/tc.svg]
[www.bookingcore.org/libs/flags/flags/4x3/td.svg]
[www.bookingcore.org/libs/flags/flags/1x1/td.svg]
[www.bookingcore.org/libs/flags/flags/4x3/tf.svg]
[www.bookingcore.org/libs/flags/flags/1x1/tf.svg]
[www.bookingcore.org/libs/flags/flags/4x3/tg.svg]
[www.bookingcore.org/libs/flags/flags/1x1/tg.svg]
[www.bookingcore.org/libs/flags/flags/4x3/th.svg]
[www.bookingcore.org/libs/flags/flags/1x1/th.svg]
[www.bookingcore.org/libs/flags/flags/4x3/tj.svg]
[www.bookingcore.org/libs/flags/flags/1x1/tj.svg]
[www.bookingcore.org/libs/flags/flags/4x3/tk.svg]
[www.bookingcore.org/libs/flags/flags/1x1/tk.svg]
[www.bookingcore.org/libs/flags/flags/4x3/tl.svg]
[www.bookingcore.org/libs/flags/flags/1x1/tl.svg]
[www.bookingcore.org/libs/flags/flags/4x3/tm.svg]
[www.bookingcore.org/libs/flags/flags/1x1/tm.svg]
[www.bookingcore.org/libs/flags/flags/4x3/tn.svg]
[www.bookingcore.org/libs/flags/flags/1x1/tn.svg]
[www.bookingcore.org/libs/flags/flags/4x3/to.svg]
[www.bookingcore.org/libs/flags/flags/1x1/to.svg]
[www.bookingcore.org/libs/flags/flags/4x3/tr.svg]
[www.bookingcore.org/libs/flags/flags/1x1/tr.svg]
[www.bookingcore.org/libs/flags/flags/4x3/tt.svg]
[www.bookingcore.org/libs/flags/flags/1x1/tt.svg]
[www.bookingcore.org/libs/flags/flags/4x3/tv.svg]
[www.bookingcore.org/libs/flags/flags/1x1/tv.svg]
[www.bookingcore.org/libs/flags/flags/4x3/tw.svg]
[www.bookingcore.org/libs/flags/flags/1x1/tw.svg]
[www.bookingcore.org/libs/flags/flags/4x3/tz.svg]
[www.bookingcore.org/libs/flags/flags/1x1/tz.svg]
[www.bookingcore.org/libs/flags/flags/4x3/ua.svg]
[www.bookingcore.org/libs/flags/flags/1x1/ua.svg]
[www.bookingcore.org/libs/flags/flags/4x3/ug.svg]
[www.bookingcore.org/libs/flags/flags/1x1/ug.svg]
[www.bookingcore.org/libs/flags/flags/4x3/um.svg]
[www.bookingcore.org/libs/flags/flags/1x1/um.svg]
[www.bookingcore.org/libs/flags/flags/4x3/us.svg]
[www.bookingcore.org/libs/flags/flags/1x1/us.svg]
[www.bookingcore.org/libs/flags/flags/4x3/uy.svg]
[www.bookingcore.org/libs/flags/flags/1x1/uy.svg]
[www.bookingcore.org/libs/flags/flags/4x3/uz.svg]
[www.bookingcore.org/libs/flags/flags/1x1/uz.svg]
[www.bookingcore.org/libs/flags/flags/4x3/va.svg]
[www.bookingcore.org/libs/flags/flags/1x1/va.svg]
[www.bookingcore.org/libs/flags/flags/4x3/vc.svg]
[www.bookingcore.org/libs/flags/flags/1x1/vc.svg]
[www.bookingcore.org/libs/flags/flags/4x3/ve.svg]
[www.bookingcore.org/libs/flags/flags/1x1/ve.svg]
[www.bookingcore.org/libs/flags/flags/4x3/vg.svg]
[www.bookingcore.org/libs/flags/flags/1x1/vg.svg]
[www.bookingcore.org/libs/flags/flags/4x3/vi.svg]
[www.bookingcore.org/libs/flags/flags/1x1/vi.svg]
[www.bookingcore.org/libs/flags/flags/4x3/vn.svg]
[www.bookingcore.org/libs/flags/flags/1x1/vn.svg]
[www.bookingcore.org/libs/flags/flags/4x3/vu.svg]
[www.bookingcore.org/libs/flags/flags/1x1/vu.svg]
[www.bookingcore.org/libs/flags/flags/4x3/wf.svg]
[www.bookingcore.org/libs/flags/flags/1x1/wf.svg]
[www.bookingcore.org/libs/flags/flags/4x3/ws.svg]
[www.bookingcore.org/libs/flags/flags/1x1/ws.svg]
[www.bookingcore.org/libs/flags/flags/4x3/ye.svg]
[www.bookingcore.org/libs/flags/flags/1x1/ye.svg]
[www.bookingcore.org/libs/flags/flags/4x3/yt.svg]
[www.bookingcore.org/libs/flags/flags/1x1/yt.svg]
[www.bookingcore.org/libs/flags/flags/4x3/za.svg]
[www.bookingcore.org/libs/flags/flags/1x1/za.svg]
[www.bookingcore.org/libs/flags/flags/4x3/zm.svg]
[www.bookingcore.org/libs/flags/flags/1x1/zm.svg]
[www.bookingcore.org/libs/flags/flags/4x3/zw.svg]
[www.bookingcore.org/libs/flags/flags/1x1/zw.svg]
[www.bookingcore.org/libs/flags/flags/4x3/es-ct.svg]
[www.bookingcore.org/libs/flags/flags/1x1/es-ct.svg]
[www.bookingcore.org/libs/flags/flags/4x3/eu.svg]
[www.bookingcore.org/libs/flags/flags/1x1/eu.svg]
[www.bookingcore.org/libs/flags/flags/4x3/gb-eng.svg]
[www.bookingcore.org/libs/flags/flags/1x1/gb-eng.svg]
[www.bookingcore.org/libs/flags/flags/4x3/gb-nir.svg]
[www.bookingcore.org/libs/flags/flags/1x1/gb-nir.svg]
[www.bookingcore.org/libs/flags/flags/4x3/gb-sct.svg]
[www.bookingcore.org/libs/flags/flags/1x1/gb-sct.svg]
[www.bookingcore.org/libs/flags/flags/4x3/gb-wls.svg]
[www.bookingcore.org/libs/flags/flags/1x1/gb-wls.svg]
[www.bookingcore.org/libs/flags/flags/4x3/un.svg]
[www.bookingcore.org/libs/flags/flags/1x1/un.svg]
[www.bookingcore.org/libs/flags/flags/4x3/xk.svg]
[www.bookingcore.org/libs/flags/flags/1x1/xk.svg]
[www.bookingcore.org/tour/river-cruise-tour-on-the-seine4658.html]
[www.bookingcore.org/tour/river-cruise-tour-on-the-seine2679.html]
[www.bookingcore.org/space80a3.html]
[www.bookingcore.org/spacec9b9.html]
[www.bookingcore.org/spaced3b2.html]
[www.bookingcore.org/spacea366.html]
[www.bookingcore.org/space8114.html]
[www.bookingcore.org/spacea8e8.html]
[www.bookingcore.org/car5bc5.html]
[www.bookingcore.org/car456c.html]
[www.bookingcore.org/car295b.html]
[www.bookingcore.org/car6160.html]
[www.bookingcore.org/car/2019-honda-clarityt.html]
[www.bookingcore.org/car9e41.html]
[www.bookingcore.org/car3c4f.html]
[www.bookingcore.org/car17e4.html]
[www.bookingcore.org/car213e.html]
[www.bookingcore.org/car11ab.html]
[www.bookingcore.org/carabfd.html]
[www.bookingcore.org/images/ico_pre39cc.svg]
[www.bookingcore.org/images/ico_next8e8e.svg]
[www.bookingcore.org/images/ico_full_32753.svg]
[www.bookingcore.org/hotel2679.html]
[www.bookingcore.org/module/user/css/profile067a.css]
[www.bookingcore.org/icon/success.svg]
[www.bookingcore.org/en/profile/1/services1779.html]
[www.bookingcore.org/en/profile/1/services7125.html]
[www.bookingcore.org/en/profile/1/services845e.html]
[www.bookingcore.org/en/profile/1/reviews4658.html]
[www.bookingcore.org/en/profile/1/reviews9ba9.html]
[www.bookingcore.org/en/profile/1/reviewsfdb0.html]
[www.bookingcore.org/en/profile/1/reviewsaf4d.html]
[www.bookingcore.org/en/profile/1/reviewsc575.html]
[www.bookingcore.org/en/profile/1/reviews.html]
[www.bookingcore.org/en/profile/1/reviews235c.html]
[www.bookingcore.org/tour2679.html]
[www.bookingcore.org/space2679.html]
[www.bookingcore.org/icon/x.svg]
[www.bookingcore.org/en/profile/6/services7125.html]
[www.bookingcore.org/en/profile/6/services845e.html]
[www.bookingcore.org/en/profile/6/reviews4658.html]
[www.bookingcore.org/en/profile/6/reviews.html]
[www.bookingcore.org/en/profile/6/reviews9ba9.html]
[www.bookingcore.org/car2679.html]
[www.bookingcore.org/en/profile/5/services1779.html]
[www.bookingcore.org/en/profile/5/services7125.html]
[www.bookingcore.org/en/profile/5/services845e.html]
[www.bookingcore.org/en/profile/5/reviews4658.html]
[www.bookingcore.org/en/profile/5/reviews.html]
[www.bookingcore.org/en/profile/5/reviews9ba9.html]
[www.bookingcore.org/en/news4658.html]
[www.bookingcore.org/en/news2679.html]
[www.bookingcore.org/news2679.html]
[www.bookingcore.org/hotel/castello-casole-hotel2679.html]
[www.bookingcore.org/en/profile/4/services1779.html]
[www.bookingcore.org/en/profile/4/services7125.html]
[www.bookingcore.org/en/profile/4/services845e.html]
[www.bookingcore.org/en/profile/4/reviews4658.html]
[www.bookingcore.org/en/profile/4/reviews9ba9.html]
[www.bookingcore.org/en/profile/4/reviewsfdb0.html]
[www.bookingcore.org/en/profile/4/reviews.html]
[www.bookingcore.org/en/profile/4/reviewsaf4d.html]
[www.bookingcore.org/tour/river-cruise-tour-on-the-seine2679.html]
[www.bookingcore.org/car295b.html]
[www.bookingcore.org/en/profile/1/reviews4658.html]
[www.bookingcore.org/en/profile/1/reviews2679.html]
[www.bookingcore.org/en/profile/1/reviews9ba9.html]
[www.bookingcore.org/en/profile/1/reviewsfdb0.html]
[www.bookingcore.org/en/profile/1/reviewsaf4d.html]
[www.bookingcore.org/en/profile/1/reviewsc575.html]
[www.bookingcore.org/en/profile/1/reviews235c.html]
[www.bookingcore.org/en/profile/6/reviews4658.html]
[www.bookingcore.org/en/profile/6/reviews2679.html]
[www.bookingcore.org/en/profile/6/reviews9ba9.html]
[www.bookingcore.org/en/profile/5/reviews4658.html]
[www.bookingcore.org/en/profile/5/reviews2679.html]
[www.bookingcore.org/en/profile/5/reviews9ba9.html]
[www.bookingcore.org/en/news2679.html]
[www.bookingcore.org/en/profile/4/reviews4658.html]
[www.bookingcore.org/en/profile/4/reviews2679.html]
[www.bookingcore.org/en/profile/4/reviews9ba9.html]
[www.bookingcore.org/en/profile/4/reviewsfdb0.html]
[www.bookingcore.org/en/profile/4/reviewsaf4d.html]
[www.bookingcore.org/en/profile/1/reviews2679.html]
[www.bookingcore.org/en/profile/6/reviews2679.html]
[www.bookingcore.org/en/profile/5/reviews2679.html]
[www.bookingcore.org/en/profile/4/reviews2679.html]
